Archive member included because of file (symbol)

library/liboem/sun50iw10p1/libar100s.a(obj-in.o)
                              driver/obj-in.o (ccu_get_sclk_freq)

Allocating common symbols
Common symbol       size              file

little_endian_used  0x4               library/liboem/sun50iw10p1/libar100s.a(obj-in.o)
wakeup_source       0x4               service/obj-in.o
axp_power_max       0x4               driver/obj-in.o
pintc_regs          0x4               driver/obj-in.o
ccu_pll_periph1_reg_addr
                    0x4               library/liboem/sun50iw10p1/libar100s.a(obj-in.o)
before_crc          0x4               service/obj-in.o
after_crc           0x4               service/obj-in.o
pwatchdog_regs      0x4               driver/obj-in.o
debugger_buffer     0x80              system/obj-in.o
ccu_pll_ddr0_reg_addr
                    0x4               library/liboem/sun50iw10p1/libar100s.a(obj-in.o)
isr_table           0x128             driver/obj-in.o
apbs2_notifier_head
                    0x4               library/liboem/sun50iw10p1/libar100s.a(obj-in.o)
delay_timer         0x4               driver/obj-in.o
ccu_pll_periph0_reg_addr
                    0x4               library/liboem/sun50iw10p1/libar100s.a(obj-in.o)
ccu_pll_c0_cpux_reg_addr
                    0x4               library/liboem/sun50iw10p1/libar100s.a(obj-in.o)
ptimerc_regs        0x4               driver/obj-in.o
ccu_reg_addr        0x4               library/liboem/sun50iw10p1/libar100s.a(obj-in.o)

Memory Configuration

Name             Origin             Length             Attributes
vectors          0x00000000         0x00004000
paras            0x00004000         0x000003f0
ram              0x000043f0         0x0000fc10
dram             0x48100000         0x00008000
*default*        0x00000000         0xffffffff

Linker script and memory map

LOAD arch/obj-in.o
LOAD driver/obj-in.o
LOAD library/obj-in.o
LOAD service/obj-in.o
LOAD system/obj-in.o

.vectors        0x00000000      0xe08
 *(.vectors)
 .vectors       0x00000000      0xe08 library/liboem/sun50iw10p1/libar100s.a(obj-in.o)

dts_paras       0x00004000       0x88
                0x00004000                paras_start_addr = .
 *(dts_paras)
 dts_paras      0x00004000       0x88 system/obj-in.o
                0x00004000                arisc_para
                0x00004088                paras_end_addr = .

.text           0x000043f0     0xdeb0
 *arch*(.text)
 *driver*(.text)
 .text          0x000043f0     0x395c driver/obj-in.o
                0x000043f0                intc_init
                0x00004448                intc_exit
                0x00004470                intc_enable_interrupt
                0x00004520                intc_disable_interrupt
                0x000045b8                intc_interrupt_is_enabled
                0x0000462c                intc_get_current_interrupt
                0x00004654                intc_set_mask
                0x00004718                intc_set_group_config
                0x0000481c                isr_default
                0x0000484c                interrupt_init
                0x000048a0                interrupt_exit
                0x000048bc                interrupt_enable
                0x000048d4                interrupt_disable
                0x000048ec                interrupt_set_nmi_trigger
                0x00004914                interrupt_set_mask
                0x0000492c                interrupt_set_group_config
                0x00004944                install_isr
                0x00004974                uninstall_isr
                0x000049dc                interrupt_entry
                0x00004a1c                interrupt_query_pending
                0x00004a9c                interrupt_clear_pending
                0x00004b00                interrupt_get_current_intno
                0x00004b18                interrupt_get_enabled
                0x00004b30                pin_init
                0x00004b38                pin_exit
                0x00004b40                pin_set_status
                0x00004b48                pin_set_multi_sel
                0x00004bc0                pin_set_pull
                0x00004c38                pin_set_drive
                0x00004cb0                pin_write_data
                0x00004d1c                pin_read_data
                0x00004d5c                is_wanted_gpio_int
                0x00004d90                pin_set_int_trigger_mode
                0x00004e1c                timer_hosc_onoff_cb
                0x00004f6c                timer_isr
                0x00005028                timer_init
                0x0000512c                timer_exit
                0x00005184                timer_request
                0x00005268                timer_release
                0x00005290                timer_start
                0x00005364                timer_stop
                0x0000540c                time_cdelay
                0x00005424                time_mdelay
                0x000054dc                cnt64_udelay
                0x0000555c                time_udelay
                0x000055f4                uart_init
                0x000056f8                uart_exit
                0x00005770                uart_putc
                0x000057d4                uart_get
                0x0000583c                uart_puts
                0x000058c0                uart_set_baudrate
                0x000059f4                uart_clkchangecb
                0x00005a98                uart_get_baudrate
                0x00005c84                twi_clkchangecb
                0x00005cf0                twi_init
                0x00005e08                twi_exit
                0x00005e10                twi_byte_rw
                0x000064ec                twi_read
                0x0000657c                twi_write
                0x0000660c                is_twi_lock
                0x00006624                twi_get_status
                0x00006668                twi_standby_init
                0x00006770                twi_standby_exit
                0x00006854                hwmsgbox_init
                0x00006914                hwmsgbox_exit
                0x00006944                hwmsgbox_wait_queue_not_full
                0x000069a4                hwmsgbox_wait_queue_not_empty
                0x00006a0c                hwmsgbox_send_message
                0x00006c88                hwmsgbox_feedback_message
                0x00006da8                hwmsgbox_query_message
                0x00006f74                hwmsgbox_super_standby_init
                0x00006fa0                hwmsgbox_super_standby_exit
                0x000070bc                pmu_shutdown
                0x000072fc                pmu_charging_reset
                0x000074a8                pmu_set_voltage
                0x000074d0                pmu_get_voltage
                0x000074f8                pmu_set_voltage_state
                0x00007724                pmu_get_voltage_state
                0x0000774c                pmu_query_event
                0x00007754                pmu_clear_pendings
                0x0000775c                pmu_chip_init
                0x00007764                pmu_reg_write
                0x00007780                pmu_reg_read
                0x0000779c                pmu_reg_write_para
                0x000077cc                pmu_reg_read_para
                0x000077fc                watchdog_reset
                0x00007864                pmu_reset
                0x00007a00                nmi_int_handler
                0x00007a40                pmu_init
                0x00007bb4                pmu_exit
                0x00007bbc                is_pmu_exist
                0x00007bcc                pmu_standby_init
                0x00007bfc                pmu_standby_exit
                0x00007c2c                watchdog_init
                0x00007ca8                watchdog_exit
                0x00007cd0                watchdog_enable
                0x00007d10                watchdog_disable
 *library*(.text)
 .text          0x00007d4c     0x25c0 library/obj-in.o
                0x00007d4c                itoa
                0x00007e7c                utoa
                0x00007f6c                hexdump
                0x00008014                hstr2int
                0x000080bc                dstr2int
                0x00008104                strlen
                0x00008124                strnlen
                0x00008154                strcpy
                0x0000817c                strncat
                0x000081f4                strcmp
                0x0000823c                strchr
                0x00008270                memcpy
                0x0000832c                memmove
                0x000083b8                memcmp
                0x000083f4                memchr
                0x00008434                memset
                0x0000845c                sprintf
                0x00008578                fdt_check_header
                0x0000868c                fdt_offset_ptr
                0x00008758                fdt_next_tag
                0x000088d4                _fdt_check_node_offset
                0x0000892c                _fdt_check_prop_offset
                0x00008984                fdt_next_node
                0x00008a94                fdt_first_subnode
                0x00008adc                fdt_next_subnode
                0x00008b4c                _fdt_find_string
                0x00008bd4                fdt_move
                0x00008e00                fdt_string
                0x00008e38                fdt_get_mem_rsv
                0x00008ee0                fdt_num_mem_rsv
                0x00008f40                fdt_subnode_offset_namelen
                0x00009070                fdt_subnode_offset
                0x000090c0                fdt_get_name
                0x00009168                fdt_first_property_offset
                0x000091ac                fdt_next_property_offset
                0x000091f0                fdt_get_property_by_offset
                0x00009294                fdt_get_property_namelen
                0x000093c0                fdt_get_property
                0x00009420                fdt_getprop_namelen
                0x0000944c                fdt_getprop_by_offset
                0x000094d8                fdt_getprop
                0x00009538                fdt_getprop_u32
                0x000095fc                fdt_get_phandle
                0x000096b0                fdt_get_alias_namelen
                0x0000972c                fdt_path_offset
                0x0000986c                fdt_get_alias
                0x000098ac                fdt_get_path
                0x00009a78                fdt_supernode_atdepth_offset
                0x00009b80                fdt_node_depth
                0x00009bc4                fdt_parent_offset
                0x00009c20                fdt_node_offset_by_prop_value
                0x00009cfc                fdt_node_offset_by_phandle
                0x00009d98                fdt_stringlist_contains
                0x00009e48                fdt_stringlist_count
                0x00009ed4                fdt_stringlist_search
                0x00009fb0                fdt_stringlist_get
                0x0000a0a0                fdt_node_check_compatible
                0x0000a100                fdt_node_offset_by_compatible
                0x0000a198                fdt_strerror
                0x0000a208                fdt_address_cells
                0x0000a28c                fdt_size_cells
 *system*(.text)
 .text          0x0000a30c      0xc04 system/obj-in.o
                0x0000a30c                notifier_init
                0x0000a350                notifier_exit
                0x0000a358                notifier_insert
                0x0000a424                notifier_delete
                0x0000a4bc                notifier_notify
                0x0000a518                message_valid
                0x0000a528                message_manager_init
                0x0000a530                message_manager_exit
                0x0000a538                message_coming_notify
                0x0000a75c                debugger_init
                0x0000a778                debugger_exit
                0x0000a780                debugger_putc
                0x0000a7a4                debugger_get
                0x0000a7bc                debugger_puts
                0x0000a7d8                debugger_printf
                0x0000ab24                set_debug_level
                0x0000ab78                daemon_register_service
                0x0000ab98                startup_entry
                0x0000aeec                arisc_para_init
                0x0000af08                set_paras
 *service*(.text)
 .text          0x0000af10     0x15c4 service/obj-in.o
                0x0000af10                standby_init
                0x0000af50                standby_exit
                0x0000af58                long_jump
                0x0000af74                standby_set_dram_crc_paras
                0x0000afa0                standby_dram_crc_enable
                0x0000afb0                standby_dram_crc
                0x0000b0f0                default_wakeup_handler
                0x0000b17c                wakeup_timer_init
                0x0000b1c8                wakeup_timer_start
                0x0000b204                wakeup_timer_stop
                0x0000b220                set_wakeup_src
                0x0000b35c                clear_wakeup_src
                0x0000b438                is_suspend_lock
                0x0000b448                cpu_op
                0x0000c398                sys_op
 .text          0x0000c4d4     0x5dcc library/liboem/sun50iw10p1/libar100s.a(obj-in.o)
                0x0000c4d4                icache_coherent
                0x0000c590                cpu_init
                0x0000c5c4                cpu_disable_int
                0x0000c5ec                cpu_enable_int
                0x0000c5fc                exit
                0x0000c61c                cpu_enter_doze
                0x0000ca28                __udivsi3
                0x0000cb24                __divsi3
                0x0000cb88                __umodsi3
                0x0000cba8                __modsi3
                0x0000cc04                cpu_exception_handler_entry_c
                0x0000cd78                start_softtimer
                0x0000cd8c                stop_softtimer
                0x0000cdac                add_softtimer
                0x0000ce10                current_time_tick
                0x0000ce24                msec_to_ticks
                0x0000ce58                time_ticks_init
                0x0000d01c                cpucfg_init
                0x0000d058                cpucfg_exit
                0x0000d080                cpucfg_set_little_endian_address
                0x0000d138                cpucfg_remove_little_endian_address
                0x0000d238                cpucfg_set_cpu_reset_state
                0x0000d288                cpucfg_counter_clear
                0x0000d2b8                cpucfg_counter_read
                0x0000d30c                cpucfg_counter_ctrl
                0x0000d324                cpucfg_set_cpux_jump_addr
                0x0000d33c                cpucfg_acinactm_process
                0x0000d388                cpucfg_wait_l2_enter_wfi
                0x0000d3ac                cpucfg_l1l2_reset_by_hardware
                0x0000d3f8                cpucfg_cluster0_process
                0x0000d46c                cpucfg_cpu_suspend
                0x0000d534                cpucfg_cpu_suspend_late
                0x0000d5a8                cpucfg_cpu_resume
                0x0000d5f0                set_secondary_entry
                0x0000d630                sun50i_set_AA32nAA64
                0x0000d684                cpucfg_cpu_resume_early
                0x0000d760                cpu_power_up
                0x0000d880                cpu_power_down
                0x0000e744                mctl_phy_dx0_bit_delay_compensation_standby
                0x00011340                dram_power_save_process
                0x000114a4                dram_power_up_process
                0x000116e8                iosc_freq_init
                0x00011860                ccu_init
                0x0001191c                ccu_exit
                0x00011924                save_state_flag
                0x00011938                read_state_flag
                0x0001194c                ccu_set_mclk_onoff
                0x00011a94                ccu_set_poweroff_gating_state
                0x00011c58                ccu_24mhosc_reg_cb
                0x00011c78                ccu_24mhosc_disable
                0x00011d2c                ccu_24mhosc_enable
                0x00011e18                is_hosc_lock
                0x00011e28                ccu_set_mclk_reset
                0x000120fc                ccu_reset_module
                0x00012134                ccu_get_sclk_freq
                0x000121f4                ccu_set_sclk_onoff
                0x000122a0                rodata_vma = ALIGN (0x4)

.rodata         0x000122a0      0xdd8
 *arch*(.rodata.*)
 *driver*(.rodata.*)
 .rodata.str1.1
                0x000122a0      0x284 driver/obj-in.o
 *library*(.rodata.*)
 .rodata.str1.1
                0x00012524      0x143 library/obj-in.o
                                0x14d (size before relaxing)
 *system*(.rodata.*)
 .rodata.str1.1
                0x00012667      0x25c system/obj-in.o
 *service*(.rodata.*)
 .rodata.str1.1
                0x000128c3      0x1f2 service/obj-in.o
                                0x1fc (size before relaxing)
 *(.rodata.*)
 .rodata.str1.1
                0x00012ab5      0x3ca library/liboem/sun50iw10p1/libar100s.a(obj-in.o)
 *fill*         0x00012e7f        0x1 00
 .rodata        0x00012e80        0xc driver/obj-in.o
 .rodata        0x00012e8c       0x6c library/obj-in.o
 .rodata        0x00012ef8       0x5c service/obj-in.o
 .rodata        0x00012f54      0x124 library/liboem/sun50iw10p1/libar100s.a(obj-in.o)
                0x00013078                shbss_vma = ALIGN (0x4)

.shbss
 *(.shbss)
                0x00013078                data_vma = ALIGN (0x4)

.data           0x00013078      0x340
 *(.data)
 .data          0x00013078      0x2e0 driver/obj-in.o
                0x00013078                timer_lock
                0x000130b4                uart_lock
                0x000130b8                aw1660_onoff_reg_bitmap
                0x00013180                aw1736_onoff_reg_bitmap
                0x00013240                axp2202_onoff_reg_bitmap
                0x000132d0                aw1657_onoff_reg_bitmap
 .data          0x00013358        0x0 library/obj-in.o
 .data          0x00013358        0xc service/obj-in.o
                0x00013358                dram_crc_src
                0x0001335c                dram_crc_len
 .data          0x00013364        0x8 system/obj-in.o
                0x00013364                debug_level
                0x00013368                print_timeflg
 .data          0x0001336c       0x4c library/liboem/sun50iw10p1/libar100s.a(obj-in.o)
                0x0001336c                exception_strings
                0x000133ac                soc_version_a
                0x000133b0                iosc_freq
                0x000133b4                losc_freq

.bss            0x000133b8      0x3b4
                0x000133b8                bss_start_addr = ALIGN (0x8)
 *(.bss)
 .bss           0x000133b8       0x18 driver/obj-in.o
                0x000133b8                uart_pin_not_used
                0x000133c0                twi_lock
 .bss           0x000133d0        0x0 library/obj-in.o
 .bss           0x000133d0       0xa8 service/obj-in.o
                0x000133d0                dram_crc_enable
 .bss           0x00013478       0xe4 system/obj-in.o
 .bss           0x0001355c       0x2c library/liboem/sun50iw10p1/libar100s.a(obj-in.o)
                0x0001357c                hosc_notifier_list
 *(COMMON)
 COMMON         0x00013588      0x13c driver/obj-in.o
                0x00013588                axp_power_max
                0x0001358c                pintc_regs
                0x00013590                pwatchdog_regs
                0x00013594                isr_table
                0x000136bc                delay_timer
                0x000136c0                ptimerc_regs
 COMMON         0x000136c4        0xc service/obj-in.o
                0x000136c4                wakeup_source
                0x000136c8                before_crc
                0x000136cc                after_crc
 COMMON         0x000136d0       0x80 system/obj-in.o
                0x000136d0                debugger_buffer
 COMMON         0x00013750       0x1c library/liboem/sun50iw10p1/libar100s.a(obj-in.o)
                0x00013750                little_endian_used
                0x00013754                ccu_pll_periph1_reg_addr
                0x00013758                ccu_pll_ddr0_reg_addr
                0x0001375c                apbs2_notifier_head
                0x00013760                ccu_pll_periph0_reg_addr
                0x00013764                ccu_pll_c0_cpux_reg_addr
                0x00013768                ccu_reg_addr
                0x00013770                bss_end_addr = ALIGN (0x8)

.stack          0x0001376c      0x400
                0x00013770                stack_limit_addr = ALIGN (0x8)
 *(.stack)
 .stack         0x0001376c      0x400 library/liboem/sun50iw10p1/libar100s.a(obj-in.o)
                0x00013b70                stack_base_addr = ALIGN (0x8)

.text5          0x48100000        0x4 load address 0x00014000
                0x48100000        0x4 LONG 0x0
LOAD library/liboem/sun50iw10p1/libar100s.a
OUTPUT(scp.elf elf32-or32)

.comment        0x00000000       0x51
 .comment       0x00000000       0x51 driver/obj-in.o
                                0x386 (size before relaxing)
 .comment       0x00000000      0x1ec library/obj-in.o
 .comment       0x00000000      0x148 service/obj-in.o
 .comment       0x00000000      0x19a system/obj-in.o
 .comment       0x00000000      0x334 library/liboem/sun50iw10p1/libar100s.a(obj-in.o)

.debug_aranges  0x00000000      0x480
 .debug_aranges
                0x00000000      0x160 driver/obj-in.o
 .debug_aranges
                0x00000160       0xc0 library/obj-in.o
 .debug_aranges
                0x00000220       0x80 service/obj-in.o
 .debug_aranges
                0x000002a0       0xa0 system/obj-in.o
 .debug_aranges
                0x00000340      0x140 library/liboem/sun50iw10p1/libar100s.a(obj-in.o)

.debug_pubnames
                0x00000000     0x191a
 .debug_pubnames
                0x00000000      0x976 driver/obj-in.o
 .debug_pubnames
                0x00000976      0x52a library/obj-in.o
 .debug_pubnames
                0x00000ea0      0x1dd service/obj-in.o
 .debug_pubnames
                0x0000107d      0x22e system/obj-in.o
 .debug_pubnames
                0x000012ab      0x66f library/liboem/sun50iw10p1/libar100s.a(obj-in.o)

.debug_info     0x00000000     0xf95e
 .debug_info    0x00000000     0x4929 driver/obj-in.o
 .debug_info    0x00004929     0x2227 library/obj-in.o
 .debug_info    0x00006b50     0x1748 service/obj-in.o
 .debug_info    0x00008298     0x10f6 system/obj-in.o
 .debug_info    0x0000938e     0x65d0 library/liboem/sun50iw10p1/libar100s.a(obj-in.o)

.debug_abbrev   0x00000000     0x363a
 .debug_abbrev  0x00000000     0x112a driver/obj-in.o
 .debug_abbrev  0x0000112a      0x799 library/obj-in.o
 .debug_abbrev  0x000018c3      0x661 service/obj-in.o
 .debug_abbrev  0x00001f24      0x792 system/obj-in.o
 .debug_abbrev  0x000026b6      0xf84 library/liboem/sun50iw10p1/libar100s.a(obj-in.o)

.debug_line     0x00000000     0xe5d3
 .debug_line    0x00000000     0x3b9e driver/obj-in.o
 .debug_line    0x00003b9e     0x1e35 library/obj-in.o
 .debug_line    0x000059d3     0x1854 service/obj-in.o
 .debug_line    0x00007227      0xe34 system/obj-in.o
 .debug_line    0x0000805b     0x6578 library/liboem/sun50iw10p1/libar100s.a(obj-in.o)

.debug_frame    0x00000000     0x1c08
 .debug_frame   0x00000000      0xa5c driver/obj-in.o
 .debug_frame   0x00000a5c      0x704 library/obj-in.o
 .debug_frame   0x00001160      0x208 service/obj-in.o
 .debug_frame   0x00001368      0x240 system/obj-in.o
 .debug_frame   0x000015a8      0x660 library/liboem/sun50iw10p1/libar100s.a(obj-in.o)

.debug_str      0x00000000     0x4874
 .debug_str     0x00000000     0x1dc0 driver/obj-in.o
                               0x42b6 (size before relaxing)
 .debug_str     0x00001dc0      0x6c7 library/obj-in.o
                                0xe84 (size before relaxing)
 .debug_str     0x00002487      0x7bb service/obj-in.o
                                0xfca (size before relaxing)
 .debug_str     0x00002c42      0x2ea system/obj-in.o
                                0xc67 (size before relaxing)
 .debug_str     0x00002f2c     0x1948 library/liboem/sun50iw10p1/libar100s.a(obj-in.o)
                               0x4b38 (size before relaxing)

.debug_loc      0x00000000     0xd0e6
 .debug_loc     0x00000000     0x2d08 driver/obj-in.o
 .debug_loc     0x00002d08     0x27f6 library/obj-in.o
 .debug_loc     0x000054fe      0xbec service/obj-in.o
 .debug_loc     0x000060ea      0x92f system/obj-in.o
 .debug_loc     0x00006a19     0x66cd library/liboem/sun50iw10p1/libar100s.a(obj-in.o)

.debug_pubtypes
                0x00000000     0x1bd7
 .debug_pubtypes
                0x00000000      0x524 driver/obj-in.o
 .debug_pubtypes
                0x00000524      0x19e library/obj-in.o
 .debug_pubtypes
                0x000006c2      0x18e service/obj-in.o
 .debug_pubtypes
                0x00000850      0x16f system/obj-in.o
 .debug_pubtypes
                0x000009bf     0x1218 library/liboem/sun50iw10p1/libar100s.a(obj-in.o)

.debug_ranges   0x00000000      0xbe8
 .debug_ranges  0x00000000      0x2c8 driver/obj-in.o
 .debug_ranges  0x000002c8       0x20 library/obj-in.o
 .debug_ranges  0x000002e8      0x330 service/obj-in.o
 .debug_ranges  0x00000618      0x130 system/obj-in.o
 .debug_ranges  0x00000748      0x4a0 library/liboem/sun50iw10p1/libar100s.a(obj-in.o)
00004000 D arisc_para
00004000 D paras_start_addr
00004088 D paras_end_addr
000043f0 T intc_init
00004448 T intc_exit
00004470 T intc_enable_interrupt
00004520 T intc_disable_interrupt
000045b8 T intc_interrupt_is_enabled
0000462c T intc_get_current_interrupt
00004654 T intc_set_mask
00004718 T intc_set_group_config
0000481c T isr_default
0000484c T interrupt_init
000048a0 T interrupt_exit
000048bc T interrupt_enable
000048d4 T interrupt_disable
000048ec T interrupt_set_nmi_trigger
00004914 T interrupt_set_mask
0000492c T interrupt_set_group_config
00004944 T install_isr
00004974 T uninstall_isr
000049dc T interrupt_entry
00004a1c T interrupt_query_pending
00004a9c T interrupt_clear_pending
00004b00 T interrupt_get_current_intno
00004b18 T interrupt_get_enabled
00004b30 T pin_init
00004b38 T pin_exit
00004b40 T pin_set_status
00004b48 T pin_set_multi_sel
00004bc0 T pin_set_pull
00004c38 T pin_set_drive
00004cb0 T pin_write_data
00004d1c T pin_read_data
00004d5c T is_wanted_gpio_int
00004d90 T pin_set_int_trigger_mode
00004e1c T timer_hosc_onoff_cb
00004f6c T timer_isr
00005028 T timer_init
0000512c T timer_exit
00005184 T timer_request
00005268 T timer_release
00005290 T timer_start
00005364 T timer_stop
0000540c T time_cdelay
0000540c t delay_loop
00005424 T time_mdelay
000054dc T cnt64_udelay
0000555c T time_udelay
000055f4 T uart_init
000056f8 T uart_exit
00005770 T uart_putc
000057d4 T uart_get
0000583c T uart_puts
000058c0 T uart_set_baudrate
000059f4 T uart_clkchangecb
00005a98 T uart_get_baudrate
00005aac t twi_clear_irq_flag
00005ae0 t twic_reset
00005b08 t twi_start
00005b38 t twic_send_dummy_clock
00005bc0 t twic_set_sclk.clone.0
00005c84 T twi_clkchangecb
00005cf0 T twi_init
00005e08 T twi_exit
00005e10 T twi_byte_rw
000064ec T twi_read
0000657c T twi_write
0000660c T is_twi_lock
00006624 T twi_get_status
00006668 T twi_standby_init
00006770 T twi_standby_exit
00006778 t hwmsgbox_set_receiver
000067e4 t hwmsgbox_set_transmitter
00006854 T hwmsgbox_init
00006914 T hwmsgbox_exit
00006944 T hwmsgbox_wait_queue_not_full
000069a4 T hwmsgbox_wait_queue_not_empty
00006a0c T hwmsgbox_send_message
00006c88 T hwmsgbox_feedback_message
00006da8 T hwmsgbox_query_message
00006f74 T hwmsgbox_super_standby_init
00006fa0 T hwmsgbox_super_standby_exit
00006fd4 t aw1660_pmu_reset
00007048 t axp2202_pmu_reset
000070bc T pmu_shutdown
000072fc T pmu_charging_reset
000074a8 T pmu_set_voltage
000074d0 T pmu_get_voltage
000074f8 T pmu_set_voltage_state
00007724 T pmu_get_voltage_state
0000774c T pmu_query_event
00007754 T pmu_clear_pendings
0000775c T pmu_chip_init
00007764 T pmu_reg_write
00007780 T pmu_reg_read
0000779c T pmu_reg_write_para
000077cc T pmu_reg_read_para
000077fc T watchdog_reset
00007864 T pmu_reset
00007a00 T nmi_int_handler
00007a40 T pmu_init
00007bb4 T pmu_exit
00007bbc T is_pmu_exist
00007bcc T pmu_standby_init
00007bfc T pmu_standby_exit
00007c2c T watchdog_init
00007ca8 T watchdog_exit
00007cd0 T watchdog_enable
00007d10 T watchdog_disable
00007d4c T itoa
00007e7c T utoa
00007f6c T hexdump
00008014 T hstr2int
000080bc T dstr2int
00008104 T strlen
00008124 T strnlen
00008154 T strcpy
0000817c T strncat
000081f4 T strcmp
0000823c T strchr
00008270 T memcpy
0000832c T memmove
000083b8 T memcmp
000083f4 T memchr
00008434 T memset
0000845c T sprintf
00008578 T fdt_check_header
0000868c T fdt_offset_ptr
00008758 T fdt_next_tag
000088d4 T _fdt_check_node_offset
0000892c T _fdt_check_prop_offset
00008984 T fdt_next_node
00008a94 T fdt_first_subnode
00008adc T fdt_next_subnode
00008b4c T _fdt_find_string
00008bd4 T fdt_move
00008ca0 t fdt64_to_cpu
00008d04 t _fdt_offset_ptr
00008d3c t _fdt_mem_rsv
00008d78 t _nextprop
00008e00 T fdt_string
00008e38 T fdt_get_mem_rsv
00008ee0 T fdt_num_mem_rsv
00008f40 T fdt_subnode_offset_namelen
00009070 T fdt_subnode_offset
000090c0 T fdt_get_name
00009168 T fdt_first_property_offset
000091ac T fdt_next_property_offset
000091f0 T fdt_get_property_by_offset
00009294 T fdt_get_property_namelen
000093c0 T fdt_get_property
00009420 T fdt_getprop_namelen
0000944c T fdt_getprop_by_offset
000094d8 T fdt_getprop
00009538 T fdt_getprop_u32
000095fc T fdt_get_phandle
000096b0 T fdt_get_alias_namelen
0000972c T fdt_path_offset
0000986c T fdt_get_alias
000098ac T fdt_get_path
00009a78 T fdt_supernode_atdepth_offset
00009b80 T fdt_node_depth
00009bc4 T fdt_parent_offset
00009c20 T fdt_node_offset_by_prop_value
00009cfc T fdt_node_offset_by_phandle
00009d98 T fdt_stringlist_contains
00009e48 T fdt_stringlist_count
00009ed4 T fdt_stringlist_search
00009fb0 T fdt_stringlist_get
0000a0a0 T fdt_node_check_compatible
0000a100 T fdt_node_offset_by_compatible
0000a198 T fdt_strerror
0000a208 T fdt_address_cells
0000a28c T fdt_size_cells
0000a30c T notifier_init
0000a350 T notifier_exit
0000a358 T notifier_insert
0000a424 T notifier_delete
0000a4bc T notifier_notify
0000a518 T message_valid
0000a528 T message_manager_init
0000a530 T message_manager_exit
0000a538 T message_coming_notify
0000a6dc t print_align
0000a75c T debugger_init
0000a778 T debugger_exit
0000a780 T debugger_putc
0000a7a4 T debugger_get
0000a7bc T debugger_puts
0000a7d8 T debugger_printf
0000ab24 T set_debug_level
0000ab78 T daemon_register_service
0000ab98 T startup_entry
0000aeec T arisc_para_init
0000af08 T set_paras
0000af10 T standby_init
0000af50 T standby_exit
0000af58 T long_jump
0000af74 T standby_set_dram_crc_paras
0000afa0 T standby_dram_crc_enable
0000afb0 T standby_dram_crc
0000aff4 t CPUX_IRQ_MAPTO_CPUS
0000b054 t CPUX_IRQ_MAPTO_CPUS_GRP
0000b06c t wakeup_timer_handler
0000b088 t group_irq_exit
0000b0bc t group_irq_init
0000b0f0 T default_wakeup_handler
0000b17c T wakeup_timer_init
0000b1c8 T wakeup_timer_start
0000b204 T wakeup_timer_stop
0000b220 T set_wakeup_src
0000b35c T clear_wakeup_src
0000b438 T is_suspend_lock
0000b448 T cpu_op
0000c398 T sys_op
0000c4d4 T icache_coherent
0000c4f8 t invalidate_block
0000c524 t cpu_stack_monitor
0000c590 T cpu_init
0000c5c4 T cpu_disable_int
0000c5ec T cpu_enable_int
0000c5fc T exit
0000c61c T cpu_enter_doze
0000c630 t reset_handler
0000c6ec t invalid_block
0000c75c t bus_error_exception_handler
0000c780 t data_page_fault_exception_handler
0000c7a4 t insn_page_fault_exception_handler
0000c7c8 t timer_exception_handler
0000c7ec t aligment_exception_handler
0000c810 t illegal_exception_handler
0000c834 t irq_exception_handler
0000c858 t dtlb_miss_exception_handler
0000c87c t itlb_miss_exception_handler
0000c8a0 t range_exception_handler
0000c8c4 t syscall_exception_handler
0000c8e8 t fpu_exception_handler
0000c90c t trap_exception_handler
0000c930 t cpu_exception_handler_entry
0000ca28 T __udivsi3
0000cb24 T __divsi3
0000cb88 T __umodsi3
0000cba8 T __modsi3
0000cc04 T cpu_exception_handler_entry_c
0000ccc0 t timer_tick_server
0000cd78 T start_softtimer
0000cd8c T stop_softtimer
0000cdac T add_softtimer
0000ce10 T current_time_tick
0000ce24 T msec_to_ticks
0000ce58 T time_ticks_init
0000cec0 t cpu_power_switch_set
0000d01c T cpucfg_init
0000d058 T cpucfg_exit
0000d080 T cpucfg_set_little_endian_address
0000d138 T cpucfg_remove_little_endian_address
0000d238 T cpucfg_set_cpu_reset_state
0000d288 T cpucfg_counter_clear
0000d2b8 T cpucfg_counter_read
0000d30c T cpucfg_counter_ctrl
0000d324 T cpucfg_set_cpux_jump_addr
0000d33c T cpucfg_acinactm_process
0000d388 T cpucfg_wait_l2_enter_wfi
0000d3ac T cpucfg_l1l2_reset_by_hardware
0000d3f8 T cpucfg_cluster0_process
0000d46c T cpucfg_cpu_suspend
0000d534 T cpucfg_cpu_suspend_late
0000d5a8 T cpucfg_cpu_resume
0000d5f0 T set_secondary_entry
0000d630 T sun50i_set_AA32nAA64
0000d684 T cpucfg_cpu_resume_early
0000d760 T cpu_power_up
0000d880 T cpu_power_down
0000d978 t auto_cal_timing_standby
0000d9c8 t phy_write_leveling_standby
0000dc00 t phy_read_calibration_standby
0000ddfc t phy_read_training_standby
0000e2a0 t phy_write_training_standby
0000e6dc t mctl_com_set_controller_refresh_standby.clone.2
0000e70c t dramc_data_cal_standby.clone.13
0000e744 T mctl_phy_dx0_bit_delay_compensation_standby
0000e86c t mctl_core_init_standby
00011340 T dram_power_save_process
000114a4 T dram_power_up_process
000116e8 T iosc_freq_init
00011860 T ccu_init
0001191c T ccu_exit
00011924 T save_state_flag
00011938 T read_state_flag
0001194c T ccu_set_mclk_onoff
00011a94 T ccu_set_poweroff_gating_state
00011c58 T ccu_24mhosc_reg_cb
00011c78 T ccu_24mhosc_disable
00011d2c T ccu_24mhosc_enable
00011e18 T is_hosc_lock
00011e28 T ccu_set_mclk_reset
000120fc T ccu_reset_module
00012134 T ccu_get_sclk_freq
000121f4 T ccu_set_sclk_onoff
000122a0 A rodata_vma
00012e80 r pmu_id_match_tlb
00012e8c r digit_string
00012ec4 r fdt_errtable
00012ef8 r __func__.2372
00012f0c r irq_table
00012f44 r __func__.2359
00012f54 r remap_lpddr4_T509.2507
00012f70 r remap_lpddr4_A100.2506
00012f8c r remap_lpddr3_A100.2505
00012fa8 r remap_ddr4_A100.2504
00012fc4 r remap_ddr3_T509.2503
00012fe0 r remap_ddr3_A100.2502
00012ffc r CSWTCH.12
00013014 r CSWTCH.13
0001302c r CSWTCH.19
00013078 A data_vma
00013078 A shbss_vma
00013078 D timer_lock
0001307c d timers
000130b4 D uart_lock
000130b8 D aw1660_onoff_reg_bitmap
00013180 D aw1736_onoff_reg_bitmap
00013240 D axp2202_onoff_reg_bitmap
000132d0 D aw1657_onoff_reg_bitmap
00013358 D dram_crc_src
0001335c D dram_crc_len
00013360 d standby_osc24m_on
00013364 D debug_level
00013368 D print_timeflg
0001336c D exception_strings
000133ac D soc_version_a
000133b0 D iosc_freq
000133b4 D losc_freq
000133b8 B bss_start_addr
000133b8 B uart_pin_not_used
000133bc b uart_rate
000133c0 B twi_lock
000133c4 b hwmsg_suspend
000133c8 b pmu_exist
000133cc b ic_version
000133d0 B dram_crc_enable
000133d4 b wakeup_timer
000133e8 b cpus_src
000133ec b standby_type
000133f0 b result
000133f4 b standby_vdd_cpu
000133f8 b standby_vdd_sys
000133fc b standby_vcc_pll
00013400 b dts_has_parsed.3114
00013404 b suspend_lock
00013408 b smc_region_save
00013468 b pll_periph0
0001346c b mbus
00013470 b pll_cpux_ctrl_reg_bak
00013474 b c0_cpux_axi_cfg_reg_bak
00013478 b notifiers
000134d8 b daemon_list
000134dc b msg_paras.2284
0001355c b htimer
00013560 b time_ticks
00013564 b softtimer
0001356c b softtimer_cnt
00013570 b data_cal_standby
00013574 b training_error_flag_standby
00013578 b already_init_osc_freq
0001357c B hosc_notifier_list
00013580 b hosc_lock
00013584 b pll_ldo_suspend
00013588 B axp_power_max
0001358c B pintc_regs
00013590 B pwatchdog_regs
00013594 B isr_table
000136bc B delay_timer
000136c0 B ptimerc_regs
000136c4 B wakeup_source
000136c8 B before_crc
000136cc B after_crc
000136d0 B debugger_buffer
00013750 B little_endian_used
00013754 B ccu_pll_periph1_reg_addr
00013758 B ccu_pll_ddr0_reg_addr
0001375c B apbs2_notifier_head
00013760 B ccu_pll_periph0_reg_addr
00013764 B ccu_pll_c0_cpux_reg_addr
00013768 B ccu_reg_addr
00013770 B bss_end_addr
00013770 B stack_limit_addr
00013b6c b _stack
00013b70 B stack_base_addr

scp.elf:     file format elf32-or32
scp.elf
architecture: or32, flags 0x00000112:
EXEC_P, HAS_SYMS, D_PAGED
start address 0x00000100

Program Header:
    LOAD off    0x00002000 vaddr 0x00000000 paddr 0x00000000 align 2**13
         filesz 0x00000e08 memsz 0x00000e08 flags r-x
    LOAD off    0x00004000 vaddr 0x00004000 paddr 0x00004000 align 2**13
         filesz 0x00000088 memsz 0x00000088 flags rw-
    LOAD off    0x000043f0 vaddr 0x000043f0 paddr 0x000043f0 align 2**13
         filesz 0x0000efc8 memsz 0x0000f77c flags rwx
    LOAD off    0x00014000 vaddr 0x48100000 paddr 0x00014000 align 2**13
         filesz 0x00000004 memsz 0x00000004 flags rw-

Sections:
Idx Name          Size      VMA       LMA       File off  Algn
  0 .vectors      00000e08  00000000  00000000  00002000  2**0
                  CONTENTS, ALLOC, LOAD, READONLY, CODE
  1 dts_paras     00000088  00004000  00004000  00004000  2**2
                  CONTENTS, ALLOC, LOAD, DATA
  2 .text         0000deb0  000043f0  000043f0  000043f0  2**2
                  CONTENTS, ALLOC, LOAD, READONLY, CODE
  3 .rodata       00000dd8  000122a0  000122a0  000122a0  2**2
                  CONTENTS, ALLOC, LOAD, READONLY, DATA
  4 .data         00000340  00013078  00013078  00013078  2**2
                  CONTENTS, ALLOC, LOAD, DATA
  5 .bss          000003b4  000133b8  000133b8  000133b8  2**2
                  ALLOC
  6 .stack        00000400  0001376c  0001376c  000133b8  2**0
                  ALLOC
  7 .text5        00000004  48100000  00014000  00014000  2**0
                  CONTENTS, ALLOC, LOAD, DATA
  8 .comment      00000051  00000000  00000000  00014004  2**0
                  CONTENTS, READONLY
  9 .debug_aranges 00000480  00000000  00000000  00014055  2**0
                  CONTENTS, READONLY, DEBUGGING
 10 .debug_pubnames 0000191a  00000000  00000000  000144d5  2**0
                  CONTENTS, READONLY, DEBUGGING
 11 .debug_info   0000f95e  00000000  00000000  00015def  2**0
                  CONTENTS, READONLY, DEBUGGING
 12 .debug_abbrev 0000363a  00000000  00000000  0002574d  2**0
                  CONTENTS, READONLY, DEBUGGING
 13 .debug_line   0000e5d3  00000000  00000000  00028d87  2**0
                  CONTENTS, READONLY, DEBUGGING
 14 .debug_frame  00001c08  00000000  00000000  0003735c  2**2
                  CONTENTS, READONLY, DEBUGGING
 15 .debug_str    00004874  00000000  00000000  00038f64  2**0
                  CONTENTS, READONLY, DEBUGGING
 16 .debug_loc    0000d0e6  00000000  00000000  0003d7d8  2**0
                  CONTENTS, READONLY, DEBUGGING
 17 .debug_pubtypes 00001bd7  00000000  00000000  0004a8be  2**0
                  CONTENTS, READONLY, DEBUGGING
 18 .debug_ranges 00000be8  00000000  00000000  0004c495  2**0
                  CONTENTS, READONLY, DEBUGGING
SYMBOL TABLE:
00000000 l    d  .vectors	00000000 .vectors
00004000 l    d  dts_paras	00000000 dts_paras
000043f0 l    d  .text	00000000 .text
000122a0 l    d  .rodata	00000000 .rodata
00013078 l    d  .data	00000000 .data
000133b8 l    d  .bss	00000000 .bss
0001376c l    d  .stack	00000000 .stack
48100000 l    d  .text5	00000000 .text5
00000000 l    d  .comment	00000000 .comment
00000000 l    d  .debug_aranges	00000000 .debug_aranges
00000000 l    d  .debug_pubnames	00000000 .debug_pubnames
00000000 l    d  .debug_info	00000000 .debug_info
00000000 l    d  .debug_abbrev	00000000 .debug_abbrev
00000000 l    d  .debug_line	00000000 .debug_line
00000000 l    d  .debug_frame	00000000 .debug_frame
00000000 l    d  .debug_str	00000000 .debug_str
00000000 l    d  .debug_loc	00000000 .debug_loc
00000000 l    d  .debug_pubtypes	00000000 .debug_pubtypes
00000000 l    d  .debug_ranges	00000000 .debug_ranges
00013b6c l       .stack	00000000 _stack
0000c630 l       .text	00000000 reset_handler
0000c75c l       .text	00000000 bus_error_exception_handler
0000c780 l       .text	00000000 data_page_fault_exception_handler
0000c7a4 l       .text	00000000 insn_page_fault_exception_handler
0000c7c8 l       .text	00000000 timer_exception_handler
0000c7ec l       .text	00000000 aligment_exception_handler
0000c810 l       .text	00000000 illegal_exception_handler
0000c834 l       .text	00000000 irq_exception_handler
0000c858 l       .text	00000000 dtlb_miss_exception_handler
0000c87c l       .text	00000000 itlb_miss_exception_handler
0000c8a0 l       .text	00000000 range_exception_handler
0000c8c4 l       .text	00000000 syscall_exception_handler
0000c8e8 l       .text	00000000 fpu_exception_handler
0000c90c l       .text	00000000 trap_exception_handler
0000c6ec l       .text	00000000 invalid_block
0000c930 l       .text	00000000 cpu_exception_handler_entry
0000c4f8 l       .text	00000000 invalidate_block
00000000 l    df *ABS*	00000000 cpu_c.c
0000c524 l     F .text	0000006c cpu_stack_monitor
00000000 l    df *ABS*	00000000 exception.c
00000000 l    df *ABS*	00000000 time_ticks.c
0000ccc0 l     F .text	000000b8 timer_tick_server
00013560 l     O .bss	00000004 time_ticks
00013564 l     O .bss	00000008 softtimer
0001356c l     O .bss	00000004 softtimer_cnt
0001355c l     O .bss	00000004 htimer
00000000 l    df *ABS*	00000000 cpucfg.c
0000cec0 l     F .text	0000015c cpu_power_switch_set
00000000 l    df *ABS*	00000000 mctl_standby-sun50iw10.c
0000d978 l     F .text	00000050 auto_cal_timing_standby
0000d9c8 l     F .text	00000238 phy_write_leveling_standby
0000dc00 l     F .text	000001fc phy_read_calibration_standby
0000ddfc l     F .text	000004a4 phy_read_training_standby
0000e2a0 l     F .text	0000043c phy_write_training_standby
0000e6dc l     F .text	00000030 mctl_com_set_controller_refresh_standby.clone.2
0000e70c l     F .text	00000038 dramc_data_cal_standby.clone.13
0000e86c l     F .text	00002ad4 mctl_core_init_standby
0001302c l     O .rodata	00000018 CSWTCH.19
00012ffc l     O .rodata	00000018 CSWTCH.12
00013014 l     O .rodata	00000018 CSWTCH.13
00012f54 l     O .rodata	0000001b remap_lpddr4_T509.2507
00012fc4 l     O .rodata	0000001b remap_ddr3_T509.2503
00012fe0 l     O .rodata	0000001b remap_ddr3_A100.2502
00012f70 l     O .rodata	0000001b remap_lpddr4_A100.2506
00012fa8 l     O .rodata	0000001b remap_ddr4_A100.2504
00012f8c l     O .rodata	0000001b remap_lpddr3_A100.2505
00013574 l     O .bss	00000004 training_error_flag_standby
00013570 l     O .bss	00000004 data_cal_standby
00000000 l    df *ABS*	00000000 ccu.c
00013578 l     O .bss	00000004 already_init_osc_freq
00000000 l    df *ABS*	00000000 mclk.c
00000000 l    df *ABS*	00000000 power.c
00013580 l     O .bss	00000004 hosc_lock
00013584 l     O .bss	00000004 pll_ldo_suspend
00000000 l    df *ABS*	00000000 reset.c
00000000 l    df *ABS*	00000000 sclk.c
00000000 l    df *ABS*	00000000 notifier.c
00013478 l     O .bss	00000060 notifiers
00000000 l    df *ABS*	00000000 message_manager.c
00000000 l    df *ABS*	00000000 debugger.c
0000a6dc l     F .text	00000080 print_align
00000000 l    df *ABS*	00000000 daemon.c
000134d8 l     O .bss	00000004 daemon_list
000134dc l     O .bss	00000080 msg_paras.2284
00000000 l    df *ABS*	00000000 para.c
00000000 l    df *ABS*	00000000 intc.c
00000000 l    df *ABS*	00000000 intc_manager.c
00000000 l    df *ABS*	00000000 pin.c
00000000 l    df *ABS*	00000000 pin_int.c
00000000 l    df *ABS*	00000000 timer.c
0001307c l     O .data	00000038 timers
0000540c l       .text	00000000 delay_loop
00000000 l    df *ABS*	00000000 timer_delay.c
00000000 l    df *ABS*	00000000 uart.c
000133bc l     O .bss	00000004 uart_rate
00000000 l    df *ABS*	00000000 twi.c
00005aac l     F .text	00000034 twi_clear_irq_flag
00005ae0 l     F .text	00000028 twic_reset
00005b08 l     F .text	00000030 twi_start
00005b38 l     F .text	00000088 twic_send_dummy_clock
00005bc0 l     F .text	000000c4 twic_set_sclk.clone.0
00000000 l    df *ABS*	00000000 hwmsgbox.c
00006778 l     F .text	0000006c hwmsgbox_set_receiver
000067e4 l     F .text	00000070 hwmsgbox_set_transmitter
000133c4 l     O .bss	00000004 hwmsg_suspend
00000000 l    df *ABS*	00000000 pmu.c
00006fd4 l     F .text	00000074 aw1660_pmu_reset
00007048 l     F .text	00000074 axp2202_pmu_reset
000133c8 l     O .bss	00000004 pmu_exist
000133cc l     O .bss	00000001 ic_version
00012e80 l     O .rodata	0000000c pmu_id_match_tlb
00000000 l    df *ABS*	00000000 watchdog.c
00000000 l    df *ABS*	00000000 library.c
00012e8c l     O .rodata	00000011 digit_string
00000000 l    df *ABS*	00000000 string.c
00000000 l    df *ABS*	00000000 fdt.c
00000000 l    df *ABS*	00000000 fdt_ro.c
00008ca0 l     F .text	00000064 fdt64_to_cpu
00008d04 l     F .text	00000038 _fdt_offset_ptr
00008d3c l     F .text	0000003c _fdt_mem_rsv
00008d78 l     F .text	00000088 _nextprop
00000000 l    df *ABS*	00000000 fdt_strerror.c
00012ec4 l     O .rodata	00000034 fdt_errtable
00000000 l    df *ABS*	00000000 fdt_addresses.c
00000000 l    df *ABS*	00000000 standby.c
00000000 l    df *ABS*	00000000 standby_dram_crc.c
00000000 l    df *ABS*	00000000 wakeup_source.c
0000aff4 l     F .text	00000060 CPUX_IRQ_MAPTO_CPUS
00012f0c l     O .rodata	00000038 irq_table
0000b054 l     F .text	00000018 CPUX_IRQ_MAPTO_CPUS_GRP
0000b06c l     F .text	0000001c wakeup_timer_handler
0000b088 l     F .text	00000034 group_irq_exit
0000b0bc l     F .text	00000034 group_irq_init
000133d4 l     O .bss	00000014 wakeup_timer
00012f44 l     O .rodata	0000000f __func__.2359
00012ef8 l     O .rodata	00000011 __func__.2372
00000000 l    df *ABS*	00000000 plat_standby.c
00013404 l     O .bss	00000004 suspend_lock
00013400 l     O .bss	00000004 dts_has_parsed.3114
000133f4 l     O .bss	00000004 standby_vdd_cpu
000133f8 l     O .bss	00000004 standby_vdd_sys
000133fc l     O .bss	00000004 standby_vcc_pll
00013360 l     O .data	00000004 standby_osc24m_on
000133e8 l     O .bss	00000004 cpus_src
000133ec l     O .bss	00000004 standby_type
00013408 l     O .bss	00000060 smc_region_save
00013468 l     O .bss	00000004 pll_periph0
0001346c l     O .bss	00000004 mbus
00013470 l     O .bss	00000004 pll_cpux_ctrl_reg_bak
00013474 l     O .bss	00000004 c0_cpux_axi_cfg_reg_bak
000133f0 l     O .bss	00000004 result
0000d324 g     F .text	00000018 cpucfg_set_cpux_jump_addr
00013750 g     O .bss	00000004 little_endian_used
00012134 g     F .text	000000c0 ccu_get_sclk_freq
0000a208 g     F .text	00000084 fdt_address_cells
0000d46c g     F .text	000000c8 cpucfg_cpu_suspend
00008154 g     F .text	00000028 strcpy
000130b4 g     O .data	00000004 uart_lock
0000868c g     F .text	000000cc fdt_offset_ptr
00005c84 g     F .text	0000006c twi_clkchangecb
00007780 g     F .text	0000001c pmu_reg_read
00004448 g     F .text	00000028 intc_exit
00007a00 g     F .text	00000040 nmi_int_handler
0000a528 g     F .text	00000008 message_manager_init
000136c4 g     O .bss	00000004 wakeup_source
00004088 g       dts_paras	00000000 paras_end_addr
0000ce24 g     F .text	00000034 msec_to_ticks
0000c4d4 g       .text	00000000 icache_coherent
000057d4 g     F .text	00000068 uart_get
00011e18 g     F .text	00000010 is_hosc_lock
00006f74 g     F .text	0000002c hwmsgbox_super_standby_init
000133b4 g     O .data	00000004 losc_freq
0000afb0 g     F .text	00000044 standby_dram_crc
00013b70 g       .stack	00000000 stack_base_addr
00004b30 g     F .text	00000008 pin_init
00009420 g     F .text	0000002c fdt_getprop_namelen
0001191c g     F .text	00000008 ccu_exit
00009168 g     F .text	00000044 fdt_first_property_offset
00013364 g     O .data	00000004 debug_level
00009fb0 g     F .text	000000f0 fdt_stringlist_get
000133b0 g     O .data	00000004 iosc_freq
000077fc g     F .text	00000068 watchdog_reset
0000832c g     F .text	0000008c memmove
00009bc4 g     F .text	0000005c fdt_parent_offset
0000b1c8 g     F .text	0000003c wakeup_timer_start
0000ce58 g     F .text	00000068 time_ticks_init
0000c590 g     F .text	00000034 cpu_init
000093c0 g     F .text	00000060 fdt_get_property
0000a7bc g     F .text	0000001c debugger_puts
0000972c g     F .text	00000140 fdt_path_offset
000133d0 g     O .bss	00000004 dram_crc_enable
0001335c g     O .data	00000004 dram_crc_len
00006a0c g     F .text	0000027c hwmsgbox_send_message
00007754 g     F .text	00000008 pmu_clear_pendings
0000b220 g     F .text	0000013c set_wakeup_src
00007764 g     F .text	0000001c pmu_reg_write
0000a538 g     F .text	000001a4 message_coming_notify
00004974 g     F .text	00000068 uninstall_isr
00006854 g     F .text	000000c0 hwmsgbox_init
00004bc0 g     F .text	00000078 pin_set_pull
0000c61c g     F .text	00000014 cpu_enter_doze
0000d534 g     F .text	00000074 cpucfg_cpu_suspend_late
00008bd4 g     F .text	000000cc fdt_move
00007f6c g     F .text	000000a8 hexdump
0000a778 g     F .text	00000008 debugger_exit
0000cc04 g     F .text	000000bc cpu_exception_handler_entry_c
00013588 g     O .bss	00000004 axp_power_max
000048d4 g     F .text	00000018 interrupt_disable
0001358c g     O .bss	00000004 pintc_regs
0000a100 g     F .text	00000098 fdt_node_offset_by_compatible
0000ab78 g     F .text	00000020 daemon_register_service
00005e08 g     F .text	00000008 twi_exit
00013754 g     O .bss	00000004 ccu_pll_periph1_reg_addr
00008270 g     F .text	000000bc memcpy
000114a4 g     F .text	00000244 dram_power_up_process
0001336c g     O .data	00000040 exception_strings
00009c20 g     F .text	000000dc fdt_node_offset_by_prop_value
00006770 g     F .text	00000008 twi_standby_exit
00006944 g     F .text	00000060 hwmsgbox_wait_queue_not_full
00013078 g       *ABS*	00000000 shbss_vma
00004cb0 g     F .text	0000006c pin_write_data
0000a780 g     F .text	00000024 debugger_putc
0000ca28 g       .text	00000000 __udivsi3
00011d2c g     F .text	000000ec ccu_24mhosc_enable
000136c8 g     O .bss	00000004 before_crc
0000484c g     F .text	00000054 interrupt_init
0000cdac g     F .text	00000064 add_softtimer
00005cf0 g     F .text	00000118 twi_init
00007d4c g     F .text	00000130 itoa
00008f40 g     F .text	00000130 fdt_subnode_offset_namelen
0000b438 g     F .text	00000010 is_suspend_lock
00009b80 g     F .text	00000044 fdt_node_depth
000077cc g     F .text	00000030 pmu_reg_read_para
000048a0 g     F .text	0000001c interrupt_exit
00004b18 g     F .text	00000018 interrupt_get_enabled
00008ee0 g     F .text	00000060 fdt_num_mem_rsv
0000774c g     F .text	00000008 pmu_query_event
000091f0 g     F .text	000000a4 fdt_get_property_by_offset
000136cc g     O .bss	00000004 after_crc
00007bb4 g     F .text	00000008 pmu_exit
00006da8 g     F .text	000001cc hwmsgbox_query_message
0000d5a8 g     F .text	00000048 cpucfg_cpu_resume
00013590 g     O .bss	00000004 pwatchdog_regs
000136d0 g     O .bss	00000080 debugger_buffer
0000af74 g     F .text	0000002c standby_set_dram_crc_paras
00013758 g     O .bss	00000004 ccu_pll_ddr0_reg_addr
00006668 g     F .text	00000108 twi_standby_init
00011340 g     F .text	00000164 dram_power_save_process
000074f8 g     F .text	0000022c pmu_set_voltage_state
00011860 g     F .text	000000bc ccu_init
0000a424 g     F .text	00000098 notifier_delete
00008b4c g     F .text	00000088 _fdt_find_string
00004e1c g     F .text	00000150 timer_hosc_onoff_cb
000133b8 g     O .bss	00000004 uart_pin_not_used
000074a8 g     F .text	00000028 pmu_set_voltage
00004b48 g     F .text	00000078 pin_set_multi_sel
0000d760 g     F .text	00000120 cpu_power_up
0000d138 g     F .text	00000100 cpucfg_remove_little_endian_address
00008124 g     F .text	00000030 strnlen
00005184 g     F .text	000000e4 timer_request
000048ec g     F .text	00000028 interrupt_set_nmi_trigger
000094d8 g     F .text	00000060 fdt_getprop
0000462c g     F .text	00000028 intc_get_current_interrupt
0001357c g     O .bss	00000004 hosc_notifier_list
00007bbc g     F .text	00000010 is_pmu_exist
0000d058 g     F .text	00000028 cpucfg_exit
0000583c g     F .text	00000084 uart_puts
00004d5c g     F .text	00000034 is_wanted_gpio_int
00013180 g     O .data	000000c0 aw1736_onoff_reg_bitmap
00007e7c g     F .text	000000f0 utoa
00009538 g     F .text	000000c4 fdt_getprop_u32
0000a198 g     F .text	00000070 fdt_strerror
00005028 g     F .text	00000104 timer_init
00009d98 g     F .text	000000b0 fdt_stringlist_contains
0000ce10 g     F .text	00000014 current_time_tick
00013078 g       *ABS*	00000000 data_vma
00004520 g     F .text	00000098 intc_disable_interrupt
0000657c g     F .text	00000090 twi_write
000116e8 g     F .text	00000178 iosc_freq_init
00004944 g     F .text	00000030 install_isr
00013770 g       .stack	00000000 stack_limit_addr
0000cb88 g       .text	00000000 __umodsi3
0000892c g     F .text	00000058 _fdt_check_prop_offset
00005290 g     F .text	000000d4 timer_start
00007864 g     F .text	0000019c pmu_reset
00004b40 g     F .text	00000008 pin_set_status
00011938 g     F .text	00000014 read_state_flag
00009070 g     F .text	00000050 fdt_subnode_offset
0000d288 g     F .text	00000030 cpucfg_counter_clear
0000afa0 g     F .text	00000010 standby_dram_crc_enable
000055f4 g     F .text	00000104 uart_init
0000660c g     F .text	00000018 is_twi_lock
000083f4 g     F .text	00000040 memchr
0000a28c g     F .text	00000080 fdt_size_cells
0000481c g     F .text	00000030 isr_default
000058c0 g     F .text	00000134 uart_set_baudrate
0000af10 g     F .text	00000040 standby_init
00011c78 g     F .text	000000b4 ccu_24mhosc_disable
00009a78 g     F .text	00000108 fdt_supernode_atdepth_offset
000133c0 g     O .bss	00000001 twi_lock
00004654 g     F .text	000000c4 intc_set_mask
0000d630 g     F .text	00000054 sun50i_set_AA32nAA64
0000a530 g     F .text	00000008 message_manager_exit
00008adc g     F .text	00000070 fdt_next_subnode
000049dc g     F .text	00000040 interrupt_entry
0000cd78 g     F .text	00000014 start_softtimer
0000d080 g     F .text	000000b8 cpucfg_set_little_endian_address
0000b448 g     F .text	00000f50 cpu_op
0000a7d8 g     F .text	0000034c debugger_printf
0000d3f8 g     F .text	00000074 cpucfg_cluster0_process
0000cd8c g     F .text	00000020 stop_softtimer
0000775c g     F .text	00000008 pmu_chip_init
00004d1c g     F .text	00000040 pin_read_data
00006c88 g     F .text	00000120 hwmsgbox_feedback_message
0000779c g     F .text	00000030 pmu_reg_write_para
0000c5ec g     F .text	00000010 cpu_enable_int
000070bc g     F .text	00000240 pmu_shutdown
000083b8 g     F .text	0000003c memcmp
000091ac g     F .text	00000044 fdt_next_property_offset
00013368 g     O .data	00000004 print_timeflg
0000817c g     F .text	00000078 strncat
00007bcc g     F .text	00000030 pmu_standby_init
00009294 g     F .text	0000012c fdt_get_property_namelen
0000d01c g     F .text	0000003c cpucfg_init
00009cfc g     F .text	0000009c fdt_node_offset_by_phandle
000132d0 g     O .data	00000088 aw1657_onoff_reg_bitmap
00006624 g     F .text	00000044 twi_get_status
00011c58 g     F .text	00000020 ccu_24mhosc_reg_cb
00007bfc g     F .text	00000030 pmu_standby_exit
00007ca8 g     F .text	00000028 watchdog_exit
000122a0 g       *ABS*	00000000 rodata_vma
000120fc g     F .text	00000038 ccu_reset_module
00011e28 g     F .text	000002d4 ccu_set_mclk_reset
000133b8 g       .bss	00000000 bss_start_addr
0000b35c g     F .text	000000dc clear_wakeup_src
00004470 g     F .text	000000b0 intc_enable_interrupt
00008434 g     F .text	00000028 memset
0000512c g     F .text	00000058 timer_exit
0000d33c g     F .text	0000004c cpucfg_acinactm_process
0000d30c g     F .text	00000018 cpucfg_counter_ctrl
000072fc g     F .text	000001ac pmu_charging_reset
000080bc g     F .text	00000048 dstr2int
000088d4 g     F .text	00000058 _fdt_check_node_offset
00005770 g     F .text	00000064 uart_putc
0000c5c4 g     F .text	00000028 cpu_disable_int
000054dc g     F .text	00000080 cnt64_udelay
0000af08 g     F .text	00000008 set_paras
00013594 g     O .bss	00000128 isr_table
0001375c g     O .bss	00000004 apbs2_notifier_head
0000986c g     F .text	00000040 fdt_get_alias
0000ab24 g     F .text	00000054 set_debug_level
000133ac g     O .data	00000004 soc_version_a
00006914 g     F .text	00000030 hwmsgbox_exit
0000cb24 g       .text	00000000 __divsi3
0000d880 g     F .text	000000f8 cpu_power_down
000095fc g     F .text	000000b4 fdt_get_phandle
000081f4 g     F .text	00000048 strcmp
000059f4 g     F .text	000000a4 uart_clkchangecb
0000a30c g     F .text	00000044 notifier_init
000121f4 g     F .text	000000ac ccu_set_sclk_onoff
00004000 g       dts_paras	00000000 paras_start_addr
00005424 g     F .text	000000b8 time_mdelay
0000845c g     F .text	0000011c sprintf
000064ec g     F .text	00000090 twi_read
00008014 g     F .text	000000a8 hstr2int
00004718 g     F .text	00000104 intc_set_group_config
0000d3ac g     F .text	0000004c cpucfg_l1l2_reset_by_hardware
00008578 g     F .text	00000114 fdt_check_header
0001194c g     F .text	00000148 ccu_set_mclk_onoff
00005364 g     F .text	000000a8 timer_stop
000090c0 g     F .text	000000a8 fdt_get_name
00004914 g     F .text	00000018 interrupt_set_mask
000130b8 g     O .data	000000c8 aw1660_onoff_reg_bitmap
0000a4bc g     F .text	0000005c notifier_notify
00008a94 g     F .text	00000048 fdt_first_subnode
000043f0 g     F .text	00000058 intc_init
00013240 g     O .data	00000090 axp2202_onoff_reg_bitmap
0000d684 g     F .text	000000dc cpucfg_cpu_resume_early
00007724 g     F .text	00000028 pmu_get_voltage_state
00004a1c g     F .text	00000080 interrupt_query_pending
00005a98 g     F .text	00000014 uart_get_baudrate
0000555c g     F .text	00000098 time_udelay
00005268 g     F .text	00000028 timer_release
000069a4 g     F .text	00000068 hwmsgbox_wait_queue_not_empty
00008984 g     F .text	00000110 fdt_next_node
0000af58 g     F .text	0000001c long_jump
00013770 g       .bss	00000000 bss_end_addr
000136bc g     O .bss	00000004 delay_timer
00006fa0 g     F .text	00000034 hwmsgbox_super_standby_exit
00013760 g     O .bss	00000004 ccu_pll_periph0_reg_addr
00004b38 g     F .text	00000008 pin_exit
000074d0 g     F .text	00000028 pmu_get_voltage
00011a94 g     F .text	000001c4 ccu_set_poweroff_gating_state
00007cd0 g     F .text	00000040 watchdog_enable
00007a40 g     F .text	00000174 pmu_init
0000e744 g     F .text	00000128 mctl_phy_dx0_bit_delay_compensation_standby
00013078 g     O .data	00000004 timer_lock
00004a9c g     F .text	00000064 interrupt_clear_pending
0000c5fc g     F .text	00000020 exit
0000aeec g     F .text	0000001c arisc_para_init
00008e00 g     F .text	00000038 fdt_string
0000d388 g     F .text	00000024 cpucfg_wait_l2_enter_wfi
0000cba8 g       .text	00000000 __modsi3
00013764 g     O .bss	00000004 ccu_pll_c0_cpux_reg_addr
00008758 g     F .text	0000017c fdt_next_tag
00004000 g     O dts_paras	00000088 arisc_para
00013358 g     O .data	00000004 dram_crc_src
00004c38 g     F .text	00000078 pin_set_drive
0000a75c g     F .text	0000001c debugger_init
00007d10 g     F .text	0000003c watchdog_disable
0000ab98 g     F .text	00000354 startup_entry
000096b0 g     F .text	0000007c fdt_get_alias_namelen
00004b00 g     F .text	00000018 interrupt_get_current_intno
00004f6c g     F .text	000000bc timer_isr
0000a518 g     F .text	00000010 message_valid
00005e10 g     F .text	000006dc twi_byte_rw
00004d90 g     F .text	0000008c pin_set_int_trigger_mode
0000540c g       .text	00000000 time_cdelay
000048bc g     F .text	00000018 interrupt_enable
00009e48 g     F .text	0000008c fdt_stringlist_count
00008104 g     F .text	00000020 strlen
000136c0 g     O .bss	00000004 ptimerc_regs
0000d5f0 g     F .text	00000040 set_secondary_entry
0000b204 g     F .text	0000001c wakeup_timer_stop
00011924 g     F .text	00000014 save_state_flag
0000af50 g     F .text	00000008 standby_exit
0000d238 g     F .text	00000050 cpucfg_set_cpu_reset_state
0000823c g     F .text	00000034 strchr
0000b0f0 g     F .text	0000008c default_wakeup_handler
0000d2b8 g     F .text	00000054 cpucfg_counter_read
000045b8 g     F .text	00000074 intc_interrupt_is_enabled
00007c2c g     F .text	0000007c watchdog_init
0000a7a4 g     F .text	00000018 debugger_get
0000b17c g     F .text	0000004c wakeup_timer_init
00009ed4 g     F .text	000000dc fdt_stringlist_search
0000a0a0 g     F .text	00000060 fdt_node_check_compatible
0000492c g     F .text	00000018 interrupt_set_group_config
000056f8 g     F .text	00000078 uart_exit
0000944c g     F .text	0000008c fdt_getprop_by_offset
0000c398 g     F .text	0000013c sys_op
0000a350 g     F .text	00000008 notifier_exit
00008e38 g     F .text	000000a8 fdt_get_mem_rsv
000098ac g     F .text	000001cc fdt_get_path
00013768 g     O .bss	00000004 ccu_reg_addr
0000a358 g     F .text	000000cc notifier_insert



Disassembly of section .vectors:

00000000 <.vectors>:
	...
 100:	00 00 31 4c 	l.j c630 <reset_handler>
 104:	15 00 00 00 	l.nop 0x0
	...
 200:	00 00 31 57 	l.j c75c <bus_error_exception_handler>
 204:	15 00 00 00 	l.nop 0x0
	...
 300:	00 00 31 20 	l.j c780 <data_page_fault_exception_handler>
 304:	15 00 00 00 	l.nop 0x0
	...
 400:	00 00 30 e9 	l.j c7a4 <insn_page_fault_exception_handler>
 404:	15 00 00 00 	l.nop 0x0
	...
 500:	00 00 30 b2 	l.j c7c8 <timer_exception_handler>
 504:	15 00 00 00 	l.nop 0x0
	...
 600:	00 00 30 7b 	l.j c7ec <aligment_exception_handler>
 604:	15 00 00 00 	l.nop 0x0
	...
 700:	00 00 30 44 	l.j c810 <illegal_exception_handler>
 704:	15 00 00 00 	l.nop 0x0
	...
 800:	00 00 30 0d 	l.j c834 <irq_exception_handler>
 804:	15 00 00 00 	l.nop 0x0
	...
 900:	00 00 2f d6 	l.j c858 <dtlb_miss_exception_handler>
 904:	15 00 00 00 	l.nop 0x0
	...
 a00:	00 00 2f 9f 	l.j c87c <itlb_miss_exception_handler>
 a04:	15 00 00 00 	l.nop 0x0
	...
 b00:	00 00 2f 68 	l.j c8a0 <range_exception_handler>
 b04:	15 00 00 00 	l.nop 0x0
	...
 c00:	00 00 2f 31 	l.j c8c4 <syscall_exception_handler>
 c04:	15 00 00 00 	l.nop 0x0
	...
 d00:	00 00 2e fa 	l.j c8e8 <fpu_exception_handler>
 d04:	15 00 00 00 	l.nop 0x0
	...
 e00:	00 00 2e c3 	l.j c90c <trap_exception_handler>
 e04:	15 00 00 00 	l.nop 0x0

Disassembly of section .text:

000043f0 <intc_init>:
* Note       :
*********************************************************************************************************
*/
s32 intc_init(void)
{
	pintc_regs = (struct intc_regs *)(R_INTC_REG_BASE);
    43f0:	18 60 07 02 	l.movhi r3,0x702
    43f4:	18 80 00 01 	l.movhi r4,0x1
    43f8:	a8 63 10 00 	l.ori r3,r3,0x1000
    43fc:	a8 84 35 8c 	l.ori r4,r4,0x358c
*
* Note       :
*********************************************************************************************************
*/
s32 intc_init(void)
{
    4400:	d7 e1 17 fc 	l.sw 0xfffffffc(r1),r2
	pintc_regs = (struct intc_regs *)(R_INTC_REG_BASE);

	/*initialize interrupt controller */
	pintc_regs->enable = 0x0;
    4404:	9c 40 00 00 	l.addi r2,r0,0x0
* Note       :
*********************************************************************************************************
*/
s32 intc_init(void)
{
	pintc_regs = (struct intc_regs *)(R_INTC_REG_BASE);
    4408:	d4 04 18 00 	l.sw 0x0(r4),r3

	/*initialize interrupt controller */
	pintc_regs->enable = 0x0;
    440c:	d4 03 10 40 	l.sw 0x40(r3),r2
	pintc_regs->mask = 0x0;
	pintc_regs->pending = 0xffffffff;
    4410:	9c 80 ff ff 	l.addi r4,r0,0xffffffff
{
	pintc_regs = (struct intc_regs *)(R_INTC_REG_BASE);

	/*initialize interrupt controller */
	pintc_regs->enable = 0x0;
	pintc_regs->mask = 0x0;
    4414:	d4 03 10 50 	l.sw 0x50(r3),r2
	pintc_regs->pending = 0xffffffff;
    4418:	d4 03 20 10 	l.sw 0x10(r3),r4

	pintc_regs->enable1 = 0x0;
    441c:	d4 03 10 44 	l.sw 0x44(r3),r2
	pintc_regs->mask1 = 0x0;
    4420:	d4 03 10 54 	l.sw 0x54(r3),r2
	pintc_regs->pending1 = 0xffffffff;
    4424:	d4 03 20 14 	l.sw 0x14(r3),r4

	pintc_regs->enable2 = 0x0;
    4428:	d4 03 10 48 	l.sw 0x48(r3),r2
	pintc_regs->mask2 = 0x0;
    442c:	d4 03 10 58 	l.sw 0x58(r3),r2
*
* Note       :
*********************************************************************************************************
*/
s32 intc_init(void)
{
    4430:	9c 21 ff fc 	l.addi r1,r1,0xfffffffc
	pintc_regs->mask1 = 0x0;
	pintc_regs->pending1 = 0xffffffff;

	pintc_regs->enable2 = 0x0;
	pintc_regs->mask2 = 0x0;
	pintc_regs->pending2 = 0xffffffff;
    4434:	d4 03 20 18 	l.sw 0x18(r3),r4
	return OK;
}
    4438:	9c 21 00 04 	l.addi r1,r1,0x4
    443c:	a9 62 00 00 	l.ori r11,r2,0x0
    4440:	44 00 48 00 	l.jr r9
    4444:	84 41 ff fc 	l.lwz r2,0xfffffffc(r1)

00004448 <intc_exit>:
* Note       :
*********************************************************************************************************
*/
s32 intc_exit(void)
{
	pintc_regs = NULL;
    4448:	18 60 00 01 	l.movhi r3,0x1
*
* Note       :
*********************************************************************************************************
*/
s32 intc_exit(void)
{
    444c:	d7 e1 17 fc 	l.sw 0xfffffffc(r1),r2
	pintc_regs = NULL;
    4450:	a8 63 35 8c 	l.ori r3,r3,0x358c
    4454:	9c 40 00 00 	l.addi r2,r0,0x0
*
* Note       :
*********************************************************************************************************
*/
s32 intc_exit(void)
{
    4458:	9c 21 ff fc 	l.addi r1,r1,0xfffffffc
	pintc_regs = NULL;
    445c:	d4 03 10 00 	l.sw 0x0(r3),r2

	return OK;
}
    4460:	9c 21 00 04 	l.addi r1,r1,0x4
    4464:	a9 62 00 00 	l.ori r11,r2,0x0
    4468:	44 00 48 00 	l.jr r9
    446c:	84 41 ff fc 	l.lwz r2,0xfffffffc(r1)

00004470 <intc_enable_interrupt>:

	/*
	 * NMI interrupt should clear before enable.
	 * by sunny at 2012-6-12 19:30:22.
	 */
	if (intno == INTC_R_NMI_IRQ) {
    4470:	bc 23 00 00 	l.sfnei r3,0x0
    4474:	10 00 00 09 	l.bf 4498 <intc_enable_interrupt+0x28>
    4478:	bc 43 00 1f 	l.sfgtui r3,0x1f
		INF("clean NMI interrupt pending\n");
		pintc_regs->pending = (1 << intno);
    447c:	18 80 00 01 	l.movhi r4,0x1
    4480:	9c a0 00 01 	l.addi r5,r0,0x1
    4484:	a8 84 35 8c 	l.ori r4,r4,0x358c
    4488:	84 84 00 00 	l.lwz r4,0x0(r4)
    448c:	d4 04 28 10 	l.sw 0x10(r4),r5
	}

	/*enable interrupt which number is intno */
	if (intno <= 31)
		pintc_regs->enable |= (1 << intno);
    4490:	00 00 00 05 	l.j 44a4 <intc_enable_interrupt+0x34>
    4494:	18 80 00 01 	l.movhi r4,0x1
		INF("clean NMI interrupt pending\n");
		pintc_regs->pending = (1 << intno);
	}

	/*enable interrupt which number is intno */
	if (intno <= 31)
    4498:	10 00 00 0c 	l.bf 44c8 <intc_enable_interrupt+0x58>
    449c:	9c a3 ff e0 	l.addi r5,r3,0xffffffe0
		pintc_regs->enable |= (1 << intno);
    44a0:	18 80 00 01 	l.movhi r4,0x1
    44a4:	9c c0 00 01 	l.addi r6,r0,0x1
    44a8:	a8 84 35 8c 	l.ori r4,r4,0x358c
    44ac:	e0 66 18 08 	l.sll r3,r6,r3
    44b0:	84 84 00 00 	l.lwz r4,0x0(r4)
    44b4:	84 a4 00 40 	l.lwz r5,0x40(r4)
    44b8:	e0 63 28 04 	l.or r3,r3,r5
    44bc:	d4 04 18 40 	l.sw 0x40(r4),r3
		pintc_regs->enable2 |= (1 << (intno - 64));

	INF("intno:%d interrupt enable\n", intno);

	return OK;
}
    44c0:	00 00 00 16 	l.j 4518 <intc_enable_interrupt+0xa8>
    44c4:	9d 60 00 00 	l.addi r11,r0,0x0
    44c8:	18 80 00 01 	l.movhi r4,0x1
	}

	/*enable interrupt which number is intno */
	if (intno <= 31)
		pintc_regs->enable |= (1 << intno);
	else if (intno > 31 && intno <= 63)
    44cc:	bc 45 00 1f 	l.sfgtui r5,0x1f
    44d0:	10 00 00 0a 	l.bf 44f8 <intc_enable_interrupt+0x88>
    44d4:	a8 84 35 8c 	l.ori r4,r4,0x358c
		pintc_regs->enable1 |= (1 << (intno - 32));
    44d8:	9c c0 00 01 	l.addi r6,r0,0x1
    44dc:	84 64 00 00 	l.lwz r3,0x0(r4)
    44e0:	e0 a6 28 08 	l.sll r5,r6,r5
    44e4:	84 83 00 44 	l.lwz r4,0x44(r3)
    44e8:	e0 a5 20 04 	l.or r5,r5,r4
    44ec:	d4 03 28 44 	l.sw 0x44(r3),r5
		pintc_regs->enable2 |= (1 << (intno - 64));

	INF("intno:%d interrupt enable\n", intno);

	return OK;
}
    44f0:	00 00 00 0a 	l.j 4518 <intc_enable_interrupt+0xa8>
    44f4:	9d 60 00 00 	l.addi r11,r0,0x0
	if (intno <= 31)
		pintc_regs->enable |= (1 << intno);
	else if (intno > 31 && intno <= 63)
		pintc_regs->enable1 |= (1 << (intno - 32));
	else
		pintc_regs->enable2 |= (1 << (intno - 64));
    44f8:	9c 63 ff c0 	l.addi r3,r3,0xffffffc0
    44fc:	9c c0 00 01 	l.addi r6,r0,0x1
    4500:	84 84 00 00 	l.lwz r4,0x0(r4)
    4504:	e0 66 18 08 	l.sll r3,r6,r3
    4508:	84 a4 00 48 	l.lwz r5,0x48(r4)
    450c:	e0 63 28 04 	l.or r3,r3,r5
    4510:	d4 04 18 48 	l.sw 0x48(r4),r3

	INF("intno:%d interrupt enable\n", intno);

	return OK;
}
    4514:	9d 60 00 00 	l.addi r11,r0,0x0
    4518:	44 00 48 00 	l.jr r9
    451c:	15 00 00 00 	l.nop 0x0

00004520 <intc_disable_interrupt>:
{
	/*intno can't beyond then IRQ_SOURCE_MAX */
	ASSERT(intno < IRQ_SOUCE_MAX);

	/*enable interrupt which number is intno */
	if (intno <= 31)
    4520:	bc 43 00 1f 	l.sfgtui r3,0x1f
    4524:	10 00 00 0d 	l.bf 4558 <intc_disable_interrupt+0x38>
    4528:	9c a3 ff e0 	l.addi r5,r3,0xffffffe0
		pintc_regs->enable &= ~(1 << intno);
    452c:	18 80 00 01 	l.movhi r4,0x1
    4530:	9c c0 00 01 	l.addi r6,r0,0x1
    4534:	a8 84 35 8c 	l.ori r4,r4,0x358c
    4538:	e0 66 18 08 	l.sll r3,r6,r3
    453c:	84 84 00 00 	l.lwz r4,0x0(r4)
    4540:	ac 63 ff ff 	l.xori r3,r3,0xffffffff
    4544:	84 a4 00 40 	l.lwz r5,0x40(r4)
    4548:	e0 63 28 03 	l.and r3,r3,r5
    454c:	d4 04 18 40 	l.sw 0x40(r4),r3
		pintc_regs->enable1 &= ~(1 << (intno - 32));
	else
		pintc_regs->enable2 &= ~(1 << (intno - 64));

	return OK;
}
    4550:	00 00 00 18 	l.j 45b0 <intc_disable_interrupt+0x90>
    4554:	9d 60 00 00 	l.addi r11,r0,0x0
    4558:	18 80 00 01 	l.movhi r4,0x1
	ASSERT(intno < IRQ_SOUCE_MAX);

	/*enable interrupt which number is intno */
	if (intno <= 31)
		pintc_regs->enable &= ~(1 << intno);
	else if (intno > 31 && intno <= 63)
    455c:	bc 45 00 1f 	l.sfgtui r5,0x1f
    4560:	10 00 00 0b 	l.bf 458c <intc_disable_interrupt+0x6c>
    4564:	a8 84 35 8c 	l.ori r4,r4,0x358c
		pintc_regs->enable1 &= ~(1 << (intno - 32));
    4568:	9c c0 00 01 	l.addi r6,r0,0x1
    456c:	84 64 00 00 	l.lwz r3,0x0(r4)
    4570:	e0 a6 28 08 	l.sll r5,r6,r5
    4574:	84 83 00 44 	l.lwz r4,0x44(r3)
    4578:	ac a5 ff ff 	l.xori r5,r5,0xffffffff
    457c:	e0 a5 20 03 	l.and r5,r5,r4
    4580:	d4 03 28 44 	l.sw 0x44(r3),r5
	else
		pintc_regs->enable2 &= ~(1 << (intno - 64));

	return OK;
}
    4584:	00 00 00 0b 	l.j 45b0 <intc_disable_interrupt+0x90>
    4588:	9d 60 00 00 	l.addi r11,r0,0x0
	if (intno <= 31)
		pintc_regs->enable &= ~(1 << intno);
	else if (intno > 31 && intno <= 63)
		pintc_regs->enable1 &= ~(1 << (intno - 32));
	else
		pintc_regs->enable2 &= ~(1 << (intno - 64));
    458c:	9c 63 ff c0 	l.addi r3,r3,0xffffffc0
    4590:	9c c0 00 01 	l.addi r6,r0,0x1
    4594:	84 84 00 00 	l.lwz r4,0x0(r4)
    4598:	e0 66 18 08 	l.sll r3,r6,r3
    459c:	84 a4 00 48 	l.lwz r5,0x48(r4)
    45a0:	ac 63 ff ff 	l.xori r3,r3,0xffffffff
    45a4:	e0 63 28 03 	l.and r3,r3,r5
    45a8:	d4 04 18 48 	l.sw 0x48(r4),r3

	return OK;
}
    45ac:	9d 60 00 00 	l.addi r11,r0,0x0
    45b0:	44 00 48 00 	l.jr r9
    45b4:	15 00 00 00 	l.nop 0x0

000045b8 <intc_interrupt_is_enabled>:

	/* intno can't beyond then IRQ_SOURCE_MAX */
	ASSERT(intno < IRQ_SOUCE_MAX);

	/* get interrupt enabled status which number is intno */
	if (intno <= 31)
    45b8:	bc 43 00 1f 	l.sfgtui r3,0x1f
    45bc:	10 00 00 08 	l.bf 45dc <intc_interrupt_is_enabled+0x24>
    45c0:	15 00 00 00 	l.nop 0x0
		enable_status = pintc_regs->enable & (1 << intno);
    45c4:	18 80 00 01 	l.movhi r4,0x1
    45c8:	a8 84 35 8c 	l.ori r4,r4,0x358c
    45cc:	84 84 00 00 	l.lwz r4,0x0(r4)
    45d0:	84 84 00 40 	l.lwz r4,0x40(r4)
	else if (intno > 31 && intno <= 63)
		enable_status = pintc_regs->enable1 & (1 << (intno - 32));
	else
		enable_status = pintc_regs->enable2 & (1 << (intno - 64));
    45d4:	00 00 00 10 	l.j 4614 <intc_interrupt_is_enabled+0x5c>
    45d8:	9c a0 00 01 	l.addi r5,r0,0x1
	ASSERT(intno < IRQ_SOUCE_MAX);

	/* get interrupt enabled status which number is intno */
	if (intno <= 31)
		enable_status = pintc_regs->enable & (1 << intno);
	else if (intno > 31 && intno <= 63)
    45dc:	9c a3 ff e0 	l.addi r5,r3,0xffffffe0
    45e0:	18 80 00 01 	l.movhi r4,0x1
    45e4:	bc 45 00 1f 	l.sfgtui r5,0x1f
    45e8:	10 00 00 07 	l.bf 4604 <intc_interrupt_is_enabled+0x4c>
    45ec:	a8 84 35 8c 	l.ori r4,r4,0x358c
		enable_status = pintc_regs->enable1 & (1 << (intno - 32));
    45f0:	84 64 00 00 	l.lwz r3,0x0(r4)
    45f4:	84 83 00 44 	l.lwz r4,0x44(r3)
    45f8:	9c 60 00 01 	l.addi r3,r0,0x1
    45fc:	00 00 00 07 	l.j 4618 <intc_interrupt_is_enabled+0x60>
    4600:	e0 63 28 08 	l.sll r3,r3,r5
	else
		enable_status = pintc_regs->enable2 & (1 << (intno - 64));
    4604:	84 84 00 00 	l.lwz r4,0x0(r4)
    4608:	9c 63 ff c0 	l.addi r3,r3,0xffffffc0
    460c:	84 84 00 48 	l.lwz r4,0x48(r4)
    4610:	9c a0 00 01 	l.addi r5,r0,0x1
    4614:	e0 65 18 08 	l.sll r3,r5,r3
    4618:	e0 63 20 03 	l.and r3,r3,r4

	return (!!enable_status);
    461c:	e0 80 18 02 	l.sub r4,r0,r3
    4620:	e0 64 18 04 	l.or r3,r4,r3
}
    4624:	44 00 48 00 	l.jr r9
    4628:	b9 63 00 5f 	l.srli r11,r3,0x1f

0000462c <intc_get_current_interrupt>:
*/
u32 intc_get_current_interrupt(void)
{
	volatile u32 interrupt;

	interrupt = (u32) ((pintc_regs->vector) >> 2);
    462c:	18 60 00 01 	l.movhi r3,0x1
*
* Note       :
*********************************************************************************************************
*/
u32 intc_get_current_interrupt(void)
{
    4630:	9c 21 ff fc 	l.addi r1,r1,0xfffffffc
	volatile u32 interrupt;

	interrupt = (u32) ((pintc_regs->vector) >> 2);
    4634:	a8 63 35 8c 	l.ori r3,r3,0x358c
    4638:	84 63 00 00 	l.lwz r3,0x0(r3)
    463c:	84 63 00 00 	l.lwz r3,0x0(r3)
    4640:	b8 63 00 42 	l.srli r3,r3,0x2
    4644:	d4 01 18 00 	l.sw 0x0(r1),r3

	return interrupt;
}
    4648:	85 61 00 00 	l.lwz r11,0x0(r1)
    464c:	44 00 48 00 	l.jr r9
    4650:	9c 21 00 04 	l.addi r1,r1,0x4

00004654 <intc_set_mask>:
s32 intc_set_mask(u32 intno, u32 mask)
{
	/* intno can't beyond then IRQ_SOURCE_MAX */
	ASSERT(intno < IRQ_SOUCE_MAX);
	/* enable interrupt which number is intno */
	if (intno <= 31) {
    4654:	bc 43 00 1f 	l.sfgtui r3,0x1f
    4658:	10 00 00 11 	l.bf 469c <intc_set_mask+0x48>
    465c:	9c c3 ff e0 	l.addi r6,r3,0xffffffe0
		pintc_regs->mask &= ~(1 << intno);
    4660:	18 a0 00 01 	l.movhi r5,0x1
    4664:	9c c0 00 01 	l.addi r6,r0,0x1
    4668:	a8 a5 35 8c 	l.ori r5,r5,0x358c
    466c:	e0 c6 18 08 	l.sll r6,r6,r3
    4670:	84 a5 00 00 	l.lwz r5,0x0(r5)
		pintc_regs->mask |= (mask << intno);
    4674:	e0 64 18 08 	l.sll r3,r4,r3
{
	/* intno can't beyond then IRQ_SOURCE_MAX */
	ASSERT(intno < IRQ_SOUCE_MAX);
	/* enable interrupt which number is intno */
	if (intno <= 31) {
		pintc_regs->mask &= ~(1 << intno);
    4678:	84 e5 00 50 	l.lwz r7,0x50(r5)
    467c:	ac c6 ff ff 	l.xori r6,r6,0xffffffff
    4680:	e0 c6 38 03 	l.and r6,r6,r7
    4684:	d4 05 30 50 	l.sw 0x50(r5),r6
		pintc_regs->mask |= (mask << intno);
    4688:	84 c5 00 50 	l.lwz r6,0x50(r5)
    468c:	e0 63 30 04 	l.or r3,r3,r6
    4690:	d4 05 18 50 	l.sw 0x50(r5),r3
		pintc_regs->mask2 &= ~(1 << (intno - 64));
		pintc_regs->mask2 |= (mask << intno);
	}

	return OK;
}
    4694:	00 00 00 1f 	l.j 4710 <intc_set_mask+0xbc>
    4698:	9d 60 00 00 	l.addi r11,r0,0x0
    469c:	18 a0 00 01 	l.movhi r5,0x1
	ASSERT(intno < IRQ_SOUCE_MAX);
	/* enable interrupt which number is intno */
	if (intno <= 31) {
		pintc_regs->mask &= ~(1 << intno);
		pintc_regs->mask |= (mask << intno);
	} else if (intno > 31 && intno <= 63) {
    46a0:	bc 46 00 1f 	l.sfgtui r6,0x1f
    46a4:	a8 a5 35 8c 	l.ori r5,r5,0x358c
    46a8:	10 00 00 0e 	l.bf 46e0 <intc_set_mask+0x8c>
    46ac:	e0 84 18 08 	l.sll r4,r4,r3
		pintc_regs->mask1 &= ~(1 << (intno - 32));
    46b0:	9c e0 00 01 	l.addi r7,r0,0x1
    46b4:	84 a5 00 00 	l.lwz r5,0x0(r5)
    46b8:	e0 c7 30 08 	l.sll r6,r7,r6
    46bc:	84 65 00 54 	l.lwz r3,0x54(r5)
    46c0:	ac c6 ff ff 	l.xori r6,r6,0xffffffff
    46c4:	e0 c6 18 03 	l.and r6,r6,r3
    46c8:	d4 05 30 54 	l.sw 0x54(r5),r6
		pintc_regs->mask1 |= (mask << intno);
    46cc:	84 65 00 54 	l.lwz r3,0x54(r5)
    46d0:	e0 84 18 04 	l.or r4,r4,r3
    46d4:	d4 05 20 54 	l.sw 0x54(r5),r4
		pintc_regs->mask2 &= ~(1 << (intno - 64));
		pintc_regs->mask2 |= (mask << intno);
	}

	return OK;
}
    46d8:	00 00 00 0e 	l.j 4710 <intc_set_mask+0xbc>
    46dc:	9d 60 00 00 	l.addi r11,r0,0x0
		pintc_regs->mask |= (mask << intno);
	} else if (intno > 31 && intno <= 63) {
		pintc_regs->mask1 &= ~(1 << (intno - 32));
		pintc_regs->mask1 |= (mask << intno);
	} else {
		pintc_regs->mask2 &= ~(1 << (intno - 64));
    46e0:	9c 63 ff c0 	l.addi r3,r3,0xffffffc0
    46e4:	9c e0 00 01 	l.addi r7,r0,0x1
    46e8:	84 a5 00 00 	l.lwz r5,0x0(r5)
    46ec:	e0 67 18 08 	l.sll r3,r7,r3
    46f0:	84 c5 00 58 	l.lwz r6,0x58(r5)
    46f4:	ac 63 ff ff 	l.xori r3,r3,0xffffffff
    46f8:	e0 63 30 03 	l.and r3,r3,r6
    46fc:	d4 05 18 58 	l.sw 0x58(r5),r3
		pintc_regs->mask2 |= (mask << intno);
    4700:	84 65 00 58 	l.lwz r3,0x58(r5)
    4704:	e0 84 18 04 	l.or r4,r4,r3
    4708:	d4 05 20 58 	l.sw 0x58(r5),r4
	}

	return OK;
}
    470c:	9d 60 00 00 	l.addi r11,r0,0x0
    4710:	44 00 48 00 	l.jr r9
    4714:	15 00 00 00 	l.nop 0x0

00004718 <intc_set_group_config>:

s32 intc_set_group_config(u32 grp_irq_num, u32 mask)
{
	if (grp_irq_num <= 31) {
    4718:	bc 43 00 1f 	l.sfgtui r3,0x1f
    471c:	10 00 00 11 	l.bf 4760 <intc_set_group_config+0x48>
    4720:	9c c3 ff e0 	l.addi r6,r3,0xffffffe0
		pintc_regs->group_config0 &= ~(1 << grp_irq_num);
    4724:	18 a0 00 01 	l.movhi r5,0x1
    4728:	9c c0 00 01 	l.addi r6,r0,0x1
    472c:	a8 a5 35 8c 	l.ori r5,r5,0x358c
    4730:	e0 c6 18 08 	l.sll r6,r6,r3
    4734:	84 a5 00 00 	l.lwz r5,0x0(r5)
		pintc_regs->group_config0 |= (mask << grp_irq_num);
    4738:	e0 64 18 08 	l.sll r3,r4,r3
}

s32 intc_set_group_config(u32 grp_irq_num, u32 mask)
{
	if (grp_irq_num <= 31) {
		pintc_regs->group_config0 &= ~(1 << grp_irq_num);
    473c:	84 e5 00 c0 	l.lwz r7,0xc0(r5)
    4740:	ac c6 ff ff 	l.xori r6,r6,0xffffffff
    4744:	e0 c6 38 03 	l.and r6,r6,r7
    4748:	d4 05 30 c0 	l.sw 0xc0(r5),r6
		pintc_regs->group_config0 |= (mask << grp_irq_num);
    474c:	84 c5 00 c0 	l.lwz r6,0xc0(r5)
    4750:	e0 63 30 04 	l.or r3,r3,r6
    4754:	d4 05 18 c0 	l.sw 0xc0(r5),r3
		pintc_regs->group_config3 &= ~(1 << (grp_irq_num - 64));
		pintc_regs->group_config3 |= (mask << grp_irq_num);
	}

	return OK;
}
    4758:	00 00 00 2f 	l.j 4814 <intc_set_group_config+0xfc>
    475c:	9d 60 00 00 	l.addi r11,r0,0x0
s32 intc_set_group_config(u32 grp_irq_num, u32 mask)
{
	if (grp_irq_num <= 31) {
		pintc_regs->group_config0 &= ~(1 << grp_irq_num);
		pintc_regs->group_config0 |= (mask << grp_irq_num);
	} else if (grp_irq_num > 31 && grp_irq_num <= 63) {
    4760:	bc 46 00 1f 	l.sfgtui r6,0x1f
    4764:	10 00 00 10 	l.bf 47a4 <intc_set_group_config+0x8c>
    4768:	18 a0 00 01 	l.movhi r5,0x1
		pintc_regs->group_config1 &= ~(1 << (grp_irq_num - 32));
    476c:	9d 00 00 01 	l.addi r8,r0,0x1
    4770:	a8 a5 35 8c 	l.ori r5,r5,0x358c
[...]
   11b78:	a4 84 00 01 	l.andi r4,r4,0x1
   11b7c:	84 a3 00 00 	l.lwz r5,0x0(r3)
   11b80:	b8 84 00 03 	l.slli r4,r4,0x3
   11b84:	d4 01 28 04 	l.sw 0x4(r1),r5
   11b88:	84 a1 00 04 	l.lwz r5,0x4(r1)
   11b8c:	e0 a5 10 03 	l.and r5,r5,r2
   11b90:	d4 01 28 04 	l.sw 0x4(r1),r5
   11b94:	84 a1 00 04 	l.lwz r5,0x4(r1)
   11b98:	03 ff ff e3 	l.j 11b24 <ccu_set_poweroff_gating_state+0x90>
   11b9c:	e0 84 28 04 	l.or r4,r4,r5
   11ba0:	18 60 07 00 	l.movhi r3,0x700
   11ba4:	9c 40 ff ef 	l.addi r2,r0,0xffffffef
   11ba8:	a8 63 04 44 	l.ori r3,r3,0x444
   11bac:	a4 84 00 01 	l.andi r4,r4,0x1
   11bb0:	84 a3 00 00 	l.lwz r5,0x0(r3)
   11bb4:	b8 84 00 04 	l.slli r4,r4,0x4
   11bb8:	d4 01 28 04 	l.sw 0x4(r1),r5
   11bbc:	84 a1 00 04 	l.lwz r5,0x4(r1)
   11bc0:	e0 a5 10 03 	l.and r5,r5,r2
   11bc4:	d4 01 28 04 	l.sw 0x4(r1),r5
   11bc8:	84 a1 00 04 	l.lwz r5,0x4(r1)
   11bcc:	03 ff ff d6 	l.j 11b24 <ccu_set_poweroff_gating_state+0x90>
   11bd0:	e0 84 28 04 	l.or r4,r4,r5
   11bd4:	18 60 00 01 	l.movhi r3,0x1
   11bd8:	a4 84 00 01 	l.andi r4,r4,0x1
   11bdc:	a8 63 37 68 	l.ori r3,r3,0x3768
   11be0:	9c 40 ff fb 	l.addi r2,r0,0xfffffffb
   11be4:	84 63 00 00 	l.lwz r3,0x0(r3)
   11be8:	b8 84 00 02 	l.slli r4,r4,0x2
   11bec:	84 a3 02 50 	l.lwz r5,0x250(r3)
   11bf0:	e0 a5 10 03 	l.and r5,r5,r2
   11bf4:	e0 85 20 04 	l.or r4,r5,r4
   11bf8:	d4 03 22 50 	l.sw 0x250(r3),r4
   11bfc:	00 00 00 13 	l.j 11c48 <ccu_set_poweroff_gating_state+0x1b4>
   11c00:	9d 60 00 00 	l.addi r11,r0,0x0
   11c04:	18 60 00 01 	l.movhi r3,0x1
   11c08:	9c 40 ff fe 	l.addi r2,r0,0xfffffffe
   11c0c:	a8 63 37 68 	l.ori r3,r3,0x3768
   11c10:	a4 84 00 01 	l.andi r4,r4,0x1
   11c14:	84 63 00 00 	l.lwz r3,0x0(r3)
   11c18:	84 a3 02 54 	l.lwz r5,0x254(r3)
   11c1c:	e0 a5 10 03 	l.and r5,r5,r2
   11c20:	e0 85 20 04 	l.or r4,r5,r4
   11c24:	d4 03 22 54 	l.sw 0x254(r3),r4
   11c28:	00 00 00 08 	l.j 11c48 <ccu_set_poweroff_gating_state+0x1b4>
   11c2c:	9d 60 00 00 	l.addi r11,r0,0x0
   11c30:	18 80 00 01 	l.movhi r4,0x1
   11c34:	d4 01 18 00 	l.sw 0x0(r1),r3
   11c38:	a8 84 2d e5 	l.ori r4,r4,0x2de5
   11c3c:	07 ff e2 e7 	l.jal a7d8 <debugger_printf>
   11c40:	9c 60 00 04 	l.addi r3,r0,0x4
   11c44:	9d 60 ff ea 	l.addi r11,r0,0xffffffea
   11c48:	9c 21 00 10 	l.addi r1,r1,0x10
   11c4c:	85 21 ff fc 	l.lwz r9,0xfffffffc(r1)
   11c50:	44 00 48 00 	l.jr r9
   11c54:	84 41 ff f8 	l.lwz r2,0xfffffff8(r1)

00011c58 <ccu_24mhosc_reg_cb>:
   11c58:	d7 e1 4f fc 	l.sw 0xfffffffc(r1),r9
   11c5c:	9c 21 ff fc 	l.addi r1,r1,0xfffffffc
   11c60:	a8 83 00 00 	l.ori r4,r3,0x0
   11c64:	9c 21 00 04 	l.addi r1,r1,0x4
   11c68:	18 60 00 01 	l.movhi r3,0x1
   11c6c:	85 21 ff fc 	l.lwz r9,0xfffffffc(r1)
   11c70:	03 ff e1 ba 	l.j a358 <notifier_insert>
   11c74:	a8 63 35 7c 	l.ori r3,r3,0x357c

00011c78 <ccu_24mhosc_disable>:
   11c78:	18 60 00 01 	l.movhi r3,0x1
   11c7c:	9c 80 00 01 	l.addi r4,r0,0x1
   11c80:	a8 63 35 80 	l.ori r3,r3,0x3580
   11c84:	d7 e1 4f fc 	l.sw 0xfffffffc(r1),r9
   11c88:	d7 e1 17 f8 	l.sw 0xfffffff8(r1),r2
   11c8c:	d4 03 20 00 	l.sw 0x0(r3),r4
   11c90:	18 60 00 01 	l.movhi r3,0x1
   11c94:	9c 21 ff f8 	l.addi r1,r1,0xfffffff8
   11c98:	a8 63 35 7c 	l.ori r3,r3,0x357c
   11c9c:	9c a0 00 00 	l.addi r5,r0,0x0
   11ca0:	07 ff e2 07 	l.jal a4bc <notifier_notify>
   11ca4:	18 40 a7 00 	l.movhi r2,0xa700
   11ca8:	18 60 07 01 	l.movhi r3,0x701
   11cac:	18 80 00 01 	l.movhi r4,0x1
   11cb0:	a8 63 02 44 	l.ori r3,r3,0x244
   11cb4:	a8 84 35 84 	l.ori r4,r4,0x3584
   11cb8:	84 a3 00 00 	l.lwz r5,0x0(r3)
   11cbc:	b8 a5 00 50 	l.srli r5,r5,0x10
   11cc0:	a4 a5 00 07 	l.andi r5,r5,0x7
   11cc4:	d4 04 28 00 	l.sw 0x0(r4),r5
   11cc8:	84 83 00 00 	l.lwz r4,0x0(r3)
   11ccc:	e0 84 10 04 	l.or r4,r4,r2
   11cd0:	d4 03 20 00 	l.sw 0x0(r3),r4
   11cd4:	84 83 00 00 	l.lwz r4,0x0(r3)
   11cd8:	e0 84 10 04 	l.or r4,r4,r2
   11cdc:	9c 40 ff fe 	l.addi r2,r0,0xfffffffe
   11ce0:	e0 84 10 03 	l.and r4,r4,r2
   11ce4:	18 40 80 00 	l.movhi r2,0x8000
   11ce8:	d4 03 20 00 	l.sw 0x0(r3),r4
   11cec:	07 ff cd c8 	l.jal 540c <time_cdelay>
   11cf0:	9c 60 00 14 	l.addi r3,r0,0x14
   11cf4:	18 60 07 00 	l.movhi r3,0x700
   11cf8:	9d 60 00 00 	l.addi r11,r0,0x0
   11cfc:	a8 63 01 60 	l.ori r3,r3,0x160
   11d00:	84 83 00 00 	l.lwz r4,0x0(r3)
   11d04:	e0 84 10 04 	l.or r4,r4,r2
   11d08:	9c 40 ff fd 	l.addi r2,r0,0xfffffffd
   11d0c:	d4 03 20 00 	l.sw 0x0(r3),r4
   11d10:	84 83 00 00 	l.lwz r4,0x0(r3)
   11d14:	e0 84 10 03 	l.and r4,r4,r2
   11d18:	d4 03 20 00 	l.sw 0x0(r3),r4
   11d1c:	9c 21 00 08 	l.addi r1,r1,0x8
   11d20:	85 21 ff fc 	l.lwz r9,0xfffffffc(r1)
   11d24:	44 00 48 00 	l.jr r9
   11d28:	84 41 ff f8 	l.lwz r2,0xfffffff8(r1)

00011d2c <ccu_24mhosc_enable>:
   11d2c:	d7 e1 17 f8 	l.sw 0xfffffff8(r1),r2
   11d30:	18 40 07 00 	l.movhi r2,0x700
   11d34:	d7 e1 4f fc 	l.sw 0xfffffffc(r1),r9
   11d38:	a8 42 01 60 	l.ori r2,r2,0x160
   11d3c:	9c 21 ff f8 	l.addi r1,r1,0xfffffff8
   11d40:	84 62 00 00 	l.lwz r3,0x0(r2)
   11d44:	a8 63 00 02 	l.ori r3,r3,0x2
   11d48:	d4 02 18 00 	l.sw 0x0(r2),r3
   11d4c:	07 ff cd b6 	l.jal 5424 <time_mdelay>
   11d50:	9c 60 00 04 	l.addi r3,r0,0x4
   11d54:	18 80 7f ff 	l.movhi r4,0x7fff
   11d58:	84 62 00 00 	l.lwz r3,0x0(r2)
   11d5c:	a8 84 ff ff 	l.ori r4,r4,0xffff
   11d60:	e0 63 20 03 	l.and r3,r3,r4
   11d64:	18 80 a7 00 	l.movhi r4,0xa700
   11d68:	d4 02 18 00 	l.sw 0x0(r2),r3
   11d6c:	18 40 07 01 	l.movhi r2,0x701
   11d70:	a8 42 02 44 	l.ori r2,r2,0x244
   11d74:	84 62 00 00 	l.lwz r3,0x0(r2)
   11d78:	e0 63 20 04 	l.or r3,r3,r4
   11d7c:	a8 84 00 01 	l.ori r4,r4,0x1
   11d80:	d4 02 18 00 	l.sw 0x0(r2),r3
   11d84:	84 62 00 00 	l.lwz r3,0x0(r2)
   11d88:	e0 63 20 04 	l.or r3,r3,r4
   11d8c:	d4 02 18 00 	l.sw 0x0(r2),r3
   11d90:	d4 02 18 00 	l.sw 0x0(r2),r3
   11d94:	07 ff cd a4 	l.jal 5424 <time_mdelay>
   11d98:	9c 60 00 02 	l.addi r3,r0,0x2
   11d9c:	84 62 00 00 	l.lwz r3,0x0(r2)
   11da0:	18 80 a7 00 	l.movhi r4,0xa700
   11da4:	e0 63 20 04 	l.or r3,r3,r4
   11da8:	d4 02 18 00 	l.sw 0x0(r2),r3
   11dac:	84 62 00 00 	l.lwz r3,0x0(r2)
   11db0:	e0 63 20 04 	l.or r3,r3,r4
   11db4:	18 80 ff f8 	l.movhi r4,0xfff8
   11db8:	a8 84 ff ff 	l.ori r4,r4,0xffff
   11dbc:	e0 63 20 03 	l.and r3,r3,r4
   11dc0:	18 80 00 01 	l.movhi r4,0x1
   11dc4:	a8 84 35 84 	l.ori r4,r4,0x3584
   11dc8:	84 84 00 00 	l.lwz r4,0x0(r4)
   11dcc:	b8 84 00 10 	l.slli r4,r4,0x10
   11dd0:	e0 63 20 04 	l.or r3,r3,r4
   11dd4:	d4 02 18 00 	l.sw 0x0(r2),r3
   11dd8:	9c 60 00 02 	l.addi r3,r0,0x2
   11ddc:	07 ff cd 92 	l.jal 5424 <time_mdelay>
   11de0:	18 40 00 01 	l.movhi r2,0x1
   11de4:	9c 80 00 00 	l.addi r4,r0,0x0
   11de8:	18 60 00 01 	l.movhi r3,0x1
   11dec:	a8 a4 00 00 	l.ori r5,r4,0x0
   11df0:	a8 63 35 7c 	l.ori r3,r3,0x357c
   11df4:	07 ff e1 b2 	l.jal a4bc <notifier_notify>
   11df8:	a8 42 35 80 	l.ori r2,r2,0x3580
   11dfc:	9c 60 00 00 	l.addi r3,r0,0x0
   11e00:	d4 02 18 00 	l.sw 0x0(r2),r3
   11e04:	9c 21 00 08 	l.addi r1,r1,0x8
   11e08:	a9 63 00 00 	l.ori r11,r3,0x0
   11e0c:	85 21 ff fc 	l.lwz r9,0xfffffffc(r1)
   11e10:	44 00 48 00 	l.jr r9
   11e14:	84 41 ff f8 	l.lwz r2,0xfffffff8(r1)

00011e18 <is_hosc_lock>:
   11e18:	18 60 00 01 	l.movhi r3,0x1
   11e1c:	a8 63 35 80 	l.ori r3,r3,0x3580
   11e20:	44 00 48 00 	l.jr r9
   11e24:	85 63 00 00 	l.lwz r11,0x0(r3)

00011e28 <ccu_set_mclk_reset>:
   11e28:	d7 e1 4f fc 	l.sw 0xfffffffc(r1),r9
   11e2c:	d7 e1 17 f8 	l.sw 0xfffffff8(r1),r2
   11e30:	bc 03 00 21 	l.sfeqi r3,0x21
   11e34:	10 00 00 77 	l.bf 12010 <ccu_set_mclk_reset+0x1e8>
   11e38:	9c 21 ff f4 	l.addi r1,r1,0xfffffff4
   11e3c:	bc 43 00 21 	l.sfgtui r3,0x21
   11e40:	10 00 00 14 	l.bf 11e90 <ccu_set_mclk_reset+0x68>
   11e44:	bc 03 00 2c 	l.sfeqi r3,0x2c
   11e48:	bc 03 00 19 	l.sfeqi r3,0x19
   11e4c:	10 00 00 64 	l.bf 11fdc <ccu_set_mclk_reset+0x1b4>
   11e50:	bc 43 00 19 	l.sfgtui r3,0x19
   11e54:	10 00 00 09 	l.bf 11e78 <ccu_set_mclk_reset+0x50>
   11e58:	bc 03 00 1a 	l.sfeqi r3,0x1a
   11e5c:	bc 03 00 10 	l.sfeqi r3,0x10
   11e60:	10 00 00 90 	l.bf 120a0 <ccu_set_mclk_reset+0x278>
   11e64:	bc 03 00 11 	l.sfeqi r3,0x11
   11e68:	0c 00 00 9b 	l.bnf 120d4 <ccu_set_mclk_reset+0x2ac>
   11e6c:	15 00 00 00 	l.nop 0x0
   11e70:	00 00 00 8f 	l.j 120ac <ccu_set_mclk_reset+0x284>
   11e74:	18 60 03 00 	l.movhi r3,0x300
   11e78:	10 00 00 26 	l.bf 11f10 <ccu_set_mclk_reset+0xe8>
   11e7c:	bc 03 00 1f 	l.sfeqi r3,0x1f
   11e80:	0c 00 00 95 	l.bnf 120d4 <ccu_set_mclk_reset+0x2ac>
   11e84:	15 00 00 00 	l.nop 0x0
   11e88:	00 00 00 2f 	l.j 11f44 <ccu_set_mclk_reset+0x11c>
   11e8c:	18 60 00 01 	l.movhi r3,0x1
   11e90:	10 00 00 79 	l.bf 12074 <ccu_set_mclk_reset+0x24c>
   11e94:	bc 43 00 2c 	l.sfgtui r3,0x2c
   11e98:	10 00 00 09 	l.bf 11ebc <ccu_set_mclk_reset+0x94>
   11e9c:	bc 03 00 37 	l.sfeqi r3,0x37
   11ea0:	bc 03 00 22 	l.sfeqi r3,0x22
   11ea4:	10 00 00 0e 	l.bf 11edc <ccu_set_mclk_reset+0xb4>
   11ea8:	bc 03 00 26 	l.sfeqi r3,0x26
   11eac:	0c 00 00 8a 	l.bnf 120d4 <ccu_set_mclk_reset+0x2ac>
   11eb0:	15 00 00 00 	l.nop 0x0
   11eb4:	00 00 00 64 	l.j 12044 <ccu_set_mclk_reset+0x21c>
   11eb8:	18 60 00 01 	l.movhi r3,0x1
   11ebc:	10 00 00 2e 	l.bf 11f74 <ccu_set_mclk_reset+0x14c>
   11ec0:	bc 03 00 38 	l.sfeqi r3,0x38
   11ec4:	10 00 00 39 	l.bf 11fa8 <ccu_set_mclk_reset+0x180>
   11ec8:	bc 03 00 33 	l.sfeqi r3,0x33
   11ecc:	0c 00 00 82 	l.bnf 120d4 <ccu_set_mclk_reset+0x2ac>
   11ed0:	15 00 00 00 	l.nop 0x0
   11ed4:	00 00 00 43 	l.j 11fe0 <ccu_set_mclk_reset+0x1b8>
   11ed8:	18 60 00 01 	l.movhi r3,0x1
   11edc:	18 60 00 01 	l.movhi r3,0x1
   11ee0:	18 40 ff fe 	l.movhi r2,0xfffe
   11ee4:	a8 63 37 68 	l.ori r3,r3,0x3768
   11ee8:	a4 84 00 01 	l.andi r4,r4,0x1
   11eec:	84 63 00 00 	l.lwz r3,0x0(r3)
   11ef0:	a8 42 ff ff 	l.ori r2,r2,0xffff
   11ef4:	84 a3 01 9c 	l.lwz r5,0x19c(r3)
   11ef8:	b8 84 00 10 	l.slli r4,r4,0x10
   11efc:	e0 a5 10 03 	l.and r5,r5,r2
   11f00:	e0 85 20 04 	l.or r4,r5,r4
   11f04:	d4 03 21 9c 	l.sw 0x19c(r3),r4
   11f08:	00 00 00 79 	l.j 120ec <ccu_set_mclk_reset+0x2c4>
   11f0c:	9d 60 00 00 	l.addi r11,r0,0x0
   11f10:	18 60 00 01 	l.movhi r3,0x1
   11f14:	18 40 ff fe 	l.movhi r2,0xfffe
   11f18:	a8 63 37 68 	l.ori r3,r3,0x3768
   11f1c:	a4 84 00 01 	l.andi r4,r4,0x1
   11f20:	84 63 00 00 	l.lwz r3,0x0(r3)
   11f24:	a8 42 ff ff 	l.ori r2,r2,0xffff
   11f28:	84 a3 01 8c 	l.lwz r5,0x18c(r3)
   11f2c:	b8 84 00 10 	l.slli r4,r4,0x10
   11f30:	e0 a5 10 03 	l.and r5,r5,r2
   11f34:	e0 85 20 04 	l.or r4,r5,r4
   11f38:	d4 03 21 8c 	l.sw 0x18c(r3),r4
   11f3c:	00 00 00 6c 	l.j 120ec <ccu_set_mclk_reset+0x2c4>
   11f40:	9d 60 00 00 	l.addi r11,r0,0x0
   11f44:	18 40 ff fe 	l.movhi r2,0xfffe
   11f48:	a8 63 37 68 	l.ori r3,r3,0x3768
   11f4c:	a4 84 00 01 	l.andi r4,r4,0x1
   11f50:	84 63 00 00 	l.lwz r3,0x0(r3)
   11f54:	a8 42 ff ff 	l.ori r2,r2,0xffff
   11f58:	84 a3 01 1c 	l.lwz r5,0x11c(r3)
   11f5c:	b8 84 00 10 	l.slli r4,r4,0x10
   11f60:	e0 a5 10 03 	l.and r5,r5,r2
   11f64:	e0 85 20 04 	l.or r4,r5,r4
   11f68:	d4 03 21 1c 	l.sw 0x11c(r3),r4
   11f6c:	00 00 00 60 	l.j 120ec <ccu_set_mclk_reset+0x2c4>
   11f70:	9d 60 00 00 	l.addi r11,r0,0x0
   11f74:	18 60 00 01 	l.movhi r3,0x1
   11f78:	18 40 ff fe 	l.movhi r2,0xfffe
   11f7c:	a8 63 37 68 	l.ori r3,r3,0x3768
   11f80:	a4 84 00 01 	l.andi r4,r4,0x1
   11f84:	84 63 00 00 	l.lwz r3,0x0(r3)
   11f88:	a8 42 ff ff 	l.ori r2,r2,0xffff
   11f8c:	84 a3 01 2c 	l.lwz r5,0x12c(r3)
   11f90:	b8 84 00 10 	l.slli r4,r4,0x10
   11f94:	e0 a5 10 03 	l.and r5,r5,r2
   11f98:	e0 85 20 04 	l.or r4,r5,r4
   11f9c:	d4 03 21 2c 	l.sw 0x12c(r3),r4
   11fa0:	00 00 00 53 	l.j 120ec <ccu_set_mclk_reset+0x2c4>
   11fa4:	9d 60 00 00 	l.addi r11,r0,0x0
   11fa8:	18 60 00 01 	l.movhi r3,0x1
   11fac:	18 40 ff fe 	l.movhi r2,0xfffe
   11fb0:	a8 63 37 68 	l.ori r3,r3,0x3768
   11fb4:	a4 84 00 01 	l.andi r4,r4,0x1
   11fb8:	84 63 00 00 	l.lwz r3,0x0(r3)
   11fbc:	a8 42 ff ff 	l.ori r2,r2,0xffff
   11fc0:	84 a3 01 3c 	l.lwz r5,0x13c(r3)
   11fc4:	b8 84 00 10 	l.slli r4,r4,0x10
   11fc8:	e0 a5 10 03 	l.and r5,r5,r2
   11fcc:	e0 85 20 04 	l.or r4,r5,r4
   11fd0:	d4 03 21 3c 	l.sw 0x13c(r3),r4
   11fd4:	00 00 00 46 	l.j 120ec <ccu_set_mclk_reset+0x2c4>
   11fd8:	9d 60 00 00 	l.addi r11,r0,0x0
   11fdc:	18 60 00 01 	l.movhi r3,0x1
   11fe0:	18 40 ff fe 	l.movhi r2,0xfffe
   11fe4:	a8 63 37 68 	l.ori r3,r3,0x3768
   11fe8:	a4 84 00 01 	l.andi r4,r4,0x1
   11fec:	84 63 00 00 	l.lwz r3,0x0(r3)
   11ff0:	a8 42 ff ff 	l.ori r2,r2,0xffff
   11ff4:	84 a3 01 ec 	l.lwz r5,0x1ec(r3)
   11ff8:	b8 84 00 10 	l.slli r4,r4,0x10
   11ffc:	e0 a5 10 03 	l.and r5,r5,r2
   12000:	e0 85 20 04 	l.or r4,r5,r4
   12004:	d4 03 21 ec 	l.sw 0x1ec(r3),r4
   12008:	00 00 00 39 	l.j 120ec <ccu_set_mclk_reset+0x2c4>
   1200c:	9d 60 00 00 	l.addi r11,r0,0x0
   12010:	18 60 00 01 	l.movhi r3,0x1
   12014:	18 40 ff fe 	l.movhi r2,0xfffe
   12018:	a8 63 37 68 	l.ori r3,r3,0x3768
   1201c:	a4 84 00 01 	l.andi r4,r4,0x1
   12020:	84 63 00 00 	l.lwz r3,0x0(r3)
   12024:	a8 42 ff ff 	l.ori r2,r2,0xffff
   12028:	84 a3 01 bc 	l.lwz r5,0x1bc(r3)
   1202c:	b8 84 00 10 	l.slli r4,r4,0x10
   12030:	e0 a5 10 03 	l.and r5,r5,r2
   12034:	e0 85 20 04 	l.or r4,r5,r4
   12038:	d4 03 21 bc 	l.sw 0x1bc(r3),r4
   1203c:	00 00 00 2c 	l.j 120ec <ccu_set_mclk_reset+0x2c4>
   12040:	9d 60 00 00 	l.addi r11,r0,0x0
   12044:	18 40 ff fe 	l.movhi r2,0xfffe
   12048:	a8 63 37 68 	l.ori r3,r3,0x3768
   1204c:	a4 84 00 01 	l.andi r4,r4,0x1
   12050:	84 63 00 00 	l.lwz r3,0x0(r3)
   12054:	a8 42 ff ff 	l.ori r2,r2,0xffff
   12058:	84 a3 01 cc 	l.lwz r5,0x1cc(r3)
   1205c:	b8 84 00 10 	l.slli r4,r4,0x10
   12060:	e0 a5 10 03 	l.and r5,r5,r2
   12064:	e0 85 20 04 	l.or r4,r5,r4
   12068:	d4 03 21 cc 	l.sw 0x1cc(r3),r4
   1206c:	00 00 00 20 	l.j 120ec <ccu_set_mclk_reset+0x2c4>
   12070:	9d 60 00 00 	l.addi r11,r0,0x0
   12074:	18 60 00 01 	l.movhi r3,0x1
   12078:	9c 40 ff fe 	l.addi r2,r0,0xfffffffe
   1207c:	a8 63 37 68 	l.ori r3,r3,0x3768
   12080:	a4 84 00 01 	l.andi r4,r4,0x1
   12084:	84 63 00 00 	l.lwz r3,0x0(r3)
   12088:	84 a3 02 60 	l.lwz r5,0x260(r3)
   1208c:	e0 a5 10 03 	l.and r5,r5,r2
   12090:	e0 85 20 04 	l.or r4,r5,r4
   12094:	d4 03 22 60 	l.sw 0x260(r3),r4
   12098:	00 00 00 15 	l.j 120ec <ccu_set_mclk_reset+0x2c4>
   1209c:	9d 60 00 00 	l.addi r11,r0,0x0
   120a0:	18 60 03 00 	l.movhi r3,0x300
   120a4:	00 00 00 03 	l.j 120b0 <ccu_set_mclk_reset+0x288>
   120a8:	a8 63 17 2c 	l.ori r3,r3,0x172c
   120ac:	a8 63 17 1c 	l.ori r3,r3,0x171c
   120b0:	18 40 ff fe 	l.movhi r2,0xfffe
   120b4:	84 a3 00 00 	l.lwz r5,0x0(r3)
   120b8:	a8 42 ff ff 	l.ori r2,r2,0xffff
   120bc:	b8 84 00 10 	l.slli r4,r4,0x10
   120c0:	e0 a5 10 03 	l.and r5,r5,r2
   120c4:	e0 84 28 04 	l.or r4,r4,r5
   120c8:	d4 03 20 00 	l.sw 0x0(r3),r4
   120cc:	00 00 00 08 	l.j 120ec <ccu_set_mclk_reset+0x2c4>
   120d0:	9d 60 00 00 	l.addi r11,r0,0x0
   120d4:	18 80 00 01 	l.movhi r4,0x1
   120d8:	d4 01 18 00 	l.sw 0x0(r1),r3
   120dc:	a8 84 2e 25 	l.ori r4,r4,0x2e25
   120e0:	07 ff e1 be 	l.jal a7d8 <debugger_printf>
   120e4:	9c 60 00 04 	l.addi r3,r0,0x4
   120e8:	9d 60 ff ea 	l.addi r11,r0,0xffffffea
   120ec:	9c 21 00 0c 	l.addi r1,r1,0xc
   120f0:	85 21 ff fc 	l.lwz r9,0xfffffffc(r1)
   120f4:	44 00 48 00 	l.jr r9
   120f8:	84 41 ff f8 	l.lwz r2,0xfffffff8(r1)

000120fc <ccu_reset_module>:
   120fc:	d7 e1 4f fc 	l.sw 0xfffffffc(r1),r9
   12100:	d7 e1 17 f8 	l.sw 0xfffffff8(r1),r2
   12104:	9c 80 00 00 	l.addi r4,r0,0x0
   12108:	9c 21 ff f8 	l.addi r1,r1,0xfffffff8
   1210c:	07 ff ff 47 	l.jal 11e28 <ccu_set_mclk_reset>
   12110:	a8 43 00 00 	l.ori r2,r3,0x0
   12114:	a8 62 00 00 	l.ori r3,r2,0x0
   12118:	07 ff ff 44 	l.jal 11e28 <ccu_set_mclk_reset>
   1211c:	9c 80 00 01 	l.addi r4,r0,0x1
   12120:	9c 21 00 08 	l.addi r1,r1,0x8
   12124:	9d 60 00 00 	l.addi r11,r0,0x0
   12128:	85 21 ff fc 	l.lwz r9,0xfffffffc(r1)
   1212c:	44 00 48 00 	l.jr r9
   12130:	84 41 ff f8 	l.lwz r2,0xfffffff8(r1)

00012134 <ccu_get_sclk_freq>:
   12134:	d7 e1 4f fc 	l.sw 0xfffffffc(r1),r9
   12138:	bc 03 00 11 	l.sfeqi r3,0x11
   1213c:	10 00 00 07 	l.bf 12158 <ccu_get_sclk_freq+0x24>
   12140:	9c 21 ff fc 	l.addi r1,r1,0xfffffffc
   12144:	bc 03 00 24 	l.sfeqi r3,0x24
   12148:	0c 00 00 20 	l.bnf 121c8 <ccu_get_sclk_freq+0x94>
   1214c:	18 80 00 01 	l.movhi r4,0x1
   12150:	00 00 00 08 	l.j 12170 <ccu_get_sclk_freq+0x3c>
   12154:	18 60 00 01 	l.movhi r3,0x1
   12158:	18 60 00 01 	l.movhi r3,0x1
   1215c:	a8 63 37 68 	l.ori r3,r3,0x3768
   12160:	84 63 00 00 	l.lwz r3,0x0(r3)
   12164:	84 63 00 00 	l.lwz r3,0x0(r3)
   12168:	00 00 00 06 	l.j 12180 <ccu_get_sclk_freq+0x4c>
   1216c:	b8 63 00 58 	l.srli r3,r3,0x18
   12170:	a8 63 37 68 	l.ori r3,r3,0x3768
   12174:	84 63 00 00 	l.lwz r3,0x0(r3)
   12178:	84 63 00 10 	l.lwz r3,0x10(r3)
   1217c:	b8 63 00 58 	l.srli r3,r3,0x18
   12180:	a4 63 00 03 	l.andi r3,r3,0x3
   12184:	bc 03 00 02 	l.sfeqi r3,0x2
   12188:	10 00 00 0c 	l.bf 121b8 <ccu_get_sclk_freq+0x84>
   1218c:	bc 03 00 03 	l.sfeqi r3,0x3
   12190:	10 00 00 13 	l.bf 121dc <ccu_get_sclk_freq+0xa8>
   12194:	bc 03 00 01 	l.sfeqi r3,0x1
   12198:	10 00 00 05 	l.bf 121ac <ccu_get_sclk_freq+0x78>
   1219c:	15 00 00 00 	l.nop 0x0
   121a0:	19 60 01 6e 	l.movhi r11,0x16e
   121a4:	00 00 00 10 	l.j 121e4 <ccu_get_sclk_freq+0xb0>
   121a8:	a9 6b 36 00 	l.ori r11,r11,0x3600
   121ac:	18 60 00 01 	l.movhi r3,0x1
   121b0:	00 00 00 04 	l.j 121c0 <ccu_get_sclk_freq+0x8c>
   121b4:	a8 63 33 b4 	l.ori r3,r3,0x33b4
   121b8:	18 60 00 01 	l.movhi r3,0x1
   121bc:	a8 63 33 b0 	l.ori r3,r3,0x33b0
   121c0:	00 00 00 09 	l.j 121e4 <ccu_get_sclk_freq+0xb0>
   121c4:	85 63 00 00 	l.lwz r11,0x0(r3)
   121c8:	9c 60 00 04 	l.addi r3,r0,0x4
   121cc:	07 ff e1 83 	l.jal a7d8 <debugger_printf>
   121d0:	a8 84 2e 55 	l.ori r4,r4,0x2e55
   121d4:	00 00 00 04 	l.j 121e4 <ccu_get_sclk_freq+0xb0>
   121d8:	9d 60 00 00 	l.addi r11,r0,0x0
   121dc:	19 60 0b eb 	l.movhi r11,0xbeb
   121e0:	a9 6b c2 00 	l.ori r11,r11,0xc200
   121e4:	9c 21 00 04 	l.addi r1,r1,0x4
   121e8:	85 21 ff fc 	l.lwz r9,0xfffffffc(r1)
   121ec:	44 00 48 00 	l.jr r9
   121f0:	15 00 00 00 	l.nop 0x0

000121f4 <ccu_set_sclk_onoff>:
   121f4:	d7 e1 4f fc 	l.sw 0xfffffffc(r1),r9
   121f8:	d7 e1 17 f8 	l.sw 0xfffffff8(r1),r2
   121fc:	bc 03 00 14 	l.sfeqi r3,0x14
   12200:	10 00 00 10 	l.bf 12240 <ccu_set_sclk_onoff+0x4c>
   12204:	9c 21 ff f8 	l.addi r1,r1,0xfffffff8
   12208:	bc 43 00 14 	l.sfgtui r3,0x14
   1220c:	10 00 00 07 	l.bf 12228 <ccu_set_sclk_onoff+0x34>
   12210:	bc 03 00 16 	l.sfeqi r3,0x16
   12214:	bc 03 00 12 	l.sfeqi r3,0x12
   12218:	0c 00 00 19 	l.bnf 1227c <ccu_set_sclk_onoff+0x88>
   1221c:	18 60 00 01 	l.movhi r3,0x1
   12220:	00 00 00 0a 	l.j 12248 <ccu_set_sclk_onoff+0x54>
   12224:	a8 63 37 64 	l.ori r3,r3,0x3764
   12228:	10 00 00 12 	l.bf 12270 <ccu_set_sclk_onoff+0x7c>
   1222c:	bc 03 00 17 	l.sfeqi r3,0x17
   12230:	0c 00 00 13 	l.bnf 1227c <ccu_set_sclk_onoff+0x88>
   12234:	18 60 00 01 	l.movhi r3,0x1
   12238:	00 00 00 04 	l.j 12248 <ccu_set_sclk_onoff+0x54>
   1223c:	a8 63 37 54 	l.ori r3,r3,0x3754
   12240:	18 60 00 01 	l.movhi r3,0x1
   12244:	a8 63 37 58 	l.ori r3,r3,0x3758
   12248:	84 63 00 00 	l.lwz r3,0x0(r3)
   1224c:	18 40 7f ff 	l.movhi r2,0x7fff
   12250:	84 a3 00 00 	l.lwz r5,0x0(r3)
   12254:	a8 42 ff ff 	l.ori r2,r2,0xffff
   12258:	b8 84 00 1f 	l.slli r4,r4,0x1f
   1225c:	e0 a5 10 03 	l.and r5,r5,r2
   12260:	e0 85 20 04 	l.or r4,r5,r4
   12264:	d4 03 20 00 	l.sw 0x0(r3),r4
   12268:	00 00 00 0a 	l.j 12290 <ccu_set_sclk_onoff+0x9c>
   1226c:	9c 21 00 08 	l.addi r1,r1,0x8
   12270:	18 60 00 01 	l.movhi r3,0x1
   12274:	03 ff ff f5 	l.j 12248 <ccu_set_sclk_onoff+0x54>
   12278:	a8 63 37 60 	l.ori r3,r3,0x3760
   1227c:	18 80 00 01 	l.movhi r4,0x1
   12280:	9c 60 00 04 	l.addi r3,r0,0x4
   12284:	07 ff e1 55 	l.jal a7d8 <debugger_printf>
   12288:	a8 84 2e 55 	l.ori r4,r4,0x2e55
   1228c:	9c 21 00 08 	l.addi r1,r1,0x8
   12290:	9d 60 00 00 	l.addi r11,r0,0x0
   12294:	85 21 ff fc 	l.lwz r9,0xfffffffc(r1)
   12298:	44 00 48 00 	l.jr r9
   1229c:	84 41 ff f8 	l.lwz r2,0xfffffff8(r1)
